Archive member included to satisfy reference by file (symbol)

C:/devkitPro/portlibs/3ds/lib\libpng.a(png.o)
                              loading.o (png_sig_cmp)
C:/devkitPro/portlibs/3ds/lib\libpng.a(pngerror.o)
                              C:/devkitPro/portlibs/3ds/lib\libpng.a(png.o) (png_safecat)
C:/devkitPro/portlibs/3ds/lib\libpng.a(pngget.o)
                              loading.o (png_get_valid)
C:/devkitPro/portlibs/3ds/lib\libpng.a(pngmem.o)
                              C:/devkitPro/portlibs/3ds/lib\libpng.a(png.o) (png_malloc_base)
C:/devkitPro/portlibs/3ds/lib\libpng.a(pngread.o)
                              loading.o (png_create_read_struct)
C:/devkitPro/portlibs/3ds/lib\libpng.a(pngrio.o)
                              C:/devkitPro/portlibs/3ds/lib\libpng.a(pngread.o) (png_set_read_fn)
C:/devkitPro/portlibs/3ds/lib\libpng.a(pngrtran.o)
                              C:/devkitPro/portlibs/3ds/lib\libpng.a(pngread.o) (png_set_background_fixed)
C:/devkitPro/portlibs/3ds/lib\libpng.a(pngrutil.o)
                              C:/devkitPro/portlibs/3ds/lib\libpng.a(pngread.o) (png_read_sig)
C:/devkitPro/portlibs/3ds/lib\libpng.a(pngset.o)
                              C:/devkitPro/portlibs/3ds/lib\libpng.a(pngrutil.o) (png_set_bKGD)
C:/devkitPro/portlibs/3ds/lib\libpng.a(pngtrans.o)
                              loading.o (png_set_bgr)
C:/devkitPro/portlibs/3ds/lib\libpng.a(pngwrite.o)
                              C:/devkitPro/portlibs/3ds/lib\libpng.a(png.o) (png_destroy_write_struct)
C:/devkitPro/portlibs/3ds/lib\libpng.a(pngwtran.o)
                              C:/devkitPro/portlibs/3ds/lib\libpng.a(pngwrite.o) (png_do_write_transformations)
C:/devkitPro/portlibs/3ds/lib\libpng.a(pngwutil.o)
                              C:/devkitPro/portlibs/3ds/lib\libpng.a(png.o) (png_save_uint_32)
C:/devkitPro/portlibs/3ds/lib\libpng.a(pngwio.o)
                              C:/devkitPro/portlibs/3ds/lib\libpng.a(pngwutil.o) (png_write_data)
C:/devkitPro/portlibs/3ds/lib\libvorbisidec.a(vorbisfile.o)
                              music.o (ov_clear)
C:/devkitPro/portlibs/3ds/lib\libvorbisidec.a(block.o)
                              C:/devkitPro/portlibs/3ds/lib\libvorbisidec.a(vorbisfile.o) (vorbis_block_init)
C:/devkitPro/portlibs/3ds/lib\libvorbisidec.a(window.o)
                              C:/devkitPro/portlibs/3ds/lib\libvorbisidec.a(block.o) (_vorbis_window)
C:/devkitPro/portlibs/3ds/lib\libvorbisidec.a(synthesis.o)
                              C:/devkitPro/portlibs/3ds/lib\libvorbisidec.a(vorbisfile.o) (vorbis_synthesis)
C:/devkitPro/portlibs/3ds/lib\libvorbisidec.a(info.o)
                              C:/devkitPro/portlibs/3ds/lib\libvorbisidec.a(vorbisfile.o) (vorbis_comment_init)
C:/devkitPro/portlibs/3ds/lib\libvorbisidec.a(registry.o)
                              C:/devkitPro/portlibs/3ds/lib\libvorbisidec.a(block.o) (_mapping_P)
C:/devkitPro/portlibs/3ds/lib\libvorbisidec.a(codebook.o)
                              C:/devkitPro/portlibs/3ds/lib\libvorbisidec.a(info.o) (vorbis_staticbook_unpack)
C:/devkitPro/portlibs/3ds/lib\libvorbisidec.a(sharedbook.o)
                              C:/devkitPro/portlibs/3ds/lib\libvorbisidec.a(codebook.o) (_ilog)
C:/devkitPro/portlibs/3ds/lib\libvorbisidec.a(floor1.o)
                              C:/devkitPro/portlibs/3ds/lib\libvorbisidec.a(registry.o) (floor1_exportbundle)
C:/devkitPro/portlibs/3ds/lib\libvorbisidec.a(floor0.o)
                              C:/devkitPro/portlibs/3ds/lib\libvorbisidec.a(registry.o) (floor0_exportbundle)
C:/devkitPro/portlibs/3ds/lib\libvorbisidec.a(res012.o)
                              C:/devkitPro/portlibs/3ds/lib\libvorbisidec.a(registry.o) (residue2_exportbundle)
C:/devkitPro/portlibs/3ds/lib\libvorbisidec.a(mapping0.o)
                              C:/devkitPro/portlibs/3ds/lib\libvorbisidec.a(registry.o) (mapping0_exportbundle)
C:/devkitPro/portlibs/3ds/lib\libvorbisidec.a(mdct.o)
                              C:/devkitPro/portlibs/3ds/lib\libvorbisidec.a(mapping0.o) (mdct_backward)
C:/devkitPro/portlibs/3ds/lib\libogg.a(framing.o)
                              C:/devkitPro/portlibs/3ds/lib\libvorbisidec.a(vorbisfile.o) (ogg_page_continued)
C:/devkitPro/portlibs/3ds/lib\libogg.a(bitwise.o)
                              C:/devkitPro/portlibs/3ds/lib\libvorbisidec.a(synthesis.o) (oggpack_readinit)
C:/devkitPro/portlibs/3ds/lib\libarchive.a(archive_entry.o)
                              fs.o (archive_entry_pathname)
C:/devkitPro/portlibs/3ds/lib\libarchive.a(archive_entry_sparse.o)
                              C:/devkitPro/portlibs/3ds/lib\libarchive.a(archive_entry.o) (archive_entry_sparse_clear)
C:/devkitPro/portlibs/3ds/lib\libarchive.a(archive_entry_xattr.o)
                              C:/devkitPro/portlibs/3ds/lib\libarchive.a(archive_entry.o) (archive_entry_xattr_clear)
C:/devkitPro/portlibs/3ds/lib\libarchive.a(archive_read.o)
[...]
Memory Configuration

Name             Origin             Length             Attributes
*default*        0x0000000000000000 0xffffffffffffffff

Linker script and memory map

                0x0000000000100000                PROVIDE (__start__ = 0x100000)
                0x0000000000100000                . = __start__

.text           0x0000000000100000    0x6f370
 *(.crt0)
 .crt0          0x0000000000100000       0x94 c:/devkitpro/devkitarm/bin/../lib/gcc/arm-none-eabi/10.2.0/../../../../arm-none-eabi/lib/armv6k/fpu/3dsx_crt0.o
                0x0000000000100000                _start
                0x0000000000100008                __service_ptr
                0x000000000010000c                __apt_appid
                0x0000000000100010                __heap_size
                0x0000000000100014                __linear_heap_size
                0x0000000000100018                __system_arglist
                0x000000000010001c                __system_runflags
 *(.init)
 .init          0x0000000000100094        0xc c:/devkitpro/devkitarm/bin/../lib/gcc/arm-none-eabi/10.2.0/armv6k/fpu/crti.o
                0x0000000000100094                _init
 .init          0x00000000001000a0        0xc c:/devkitpro/devkitarm/bin/../lib/gcc/arm-none-eabi/10.2.0/armv6k/fpu/crtn.o
                0x00000000001000ac                . = ALIGN (0x4)
 *(.text)
 .text          0x00000000001000ac      0x20c c:/devkitpro/devkitarm/bin/../lib/gcc/arm-none-eabi/10.2.0/armv6k/fpu\libgcc.a(_udivsi3.o)
                0x00000000001000ac                __aeabi_uidiv
                0x00000000001000ac                __udivsi3
                0x0000000000100298                __aeabi_uidivmod
 .text          0x00000000001002b8      0x240 c:/devkitpro/devkitarm/bin/../lib/gcc/arm-none-eabi/10.2.0/armv6k/fpu\libgcc.a(_divsi3.o)
                0x00000000001002b8                __divsi3
                0x00000000001002b8                __aeabi_idiv
                0x00000000001004d8                __aeabi_idivmod
 .text          0x00000000001004f8        0x4 c:/devkitpro/devkitarm/bin/../lib/gcc/arm-none-eabi/10.2.0/armv6k/fpu\libgcc.a(_dvmd_tls.o)
                0x00000000001004f8                __aeabi_idiv0
                0x00000000001004f8                __aeabi_ldiv0
 .text          0x00000000001004fc      0x3c0 c:/devkitpro/devkitarm/bin/../lib/gcc/arm-none-eabi/10.2.0/armv6k/fpu\libgcc.a(_arm_addsubdf3.o)
                0x00000000001004fc                __aeabi_drsub
                0x0000000000100504                __aeabi_dsub
                0x0000000000100504                __subdf3
                0x0000000000100508                __aeabi_dadd
                0x0000000000100508                __adddf3
                0x00000000001007b4                __floatunsidf
                0x00000000001007b4                __aeabi_ui2d
                0x00000000001007d8                __floatsidf
                0x00000000001007d8                __aeabi_i2d
                0x0000000000100800                __aeabi_f2d
                0x0000000000100800                __extendsfdf2
                0x0000000000100848                __floatundidf
                0x0000000000100848                __aeabi_ul2d
                0x000000000010085c                __floatdidf
                0x000000000010085c                __aeabi_l2d
 .text          0x00000000001008bc       0xd4 c:/devkitpro/devkitarm/bin/../lib/gcc/arm-none-eabi/10.2.0/armv6k/fpu\libgcc.a(_aeabi_ldivmod.o)
                0x00000000001008bc                __aeabi_ldivmod
 .text          0x0000000000100990       0x3c c:/devkitpro/devkitarm/bin/../lib/gcc/arm-none-eabi/10.2.0/armv6k/fpu\libgcc.a(_aeabi_uldivmod.o)
                0x0000000000100990                __aeabi_uldivmod
 .text          0x00000000001009cc       0x2c c:/devkitpro/devkitarm/bin/../lib/gcc/arm-none-eabi/10.2.0/../../../../arm-none-eabi/lib/armv6k/fpu\libg.a(lib_a-setjmp.o)
                0x00000000001009cc                setjmp
                0x00000000001009e0                longjmp
 *fill*         0x00000000001009f8        0x8 
 .text          0x0000000000100a00      0x390 c:/devkitpro/devkitarm/bin/../lib/gcc/arm-none-eabi/10.2.0/../../../../arm-none-eabi/lib/armv6k/fpu\libg.a(lib_a-strcmp.o)
                0x0000000000100a08                strcmp
 *(.text.*)
 .text.__do_global_dtors_aux
                0x0000000000100d90       0x40 c:/devkitpro/devkitarm/bin/../lib/gcc/arm-none-eabi/10.2.0/armv6k/fpu/crtbegin.o
 .text.frame_dummy
                0x0000000000100dd0       0x2c c:/devkitpro/devkitarm/bin/../lib/gcc/arm-none-eabi/10.2.0/armv6k/fpu/crtbegin.o
 .text.capture_cam_thread
                0x0000000000100dfc      0x2bc camera.o
                0x0000000000100dfc                capture_cam_thread
 .text.update_ui
                0x00000000001010b8      0x1c8 camera.o
                0x00000000001010b8                update_ui
 .text.exit_qr  0x0000000000101280       0x8c camera.o
                0x0000000000101280                exit_qr
 .text.start_capture_cam
                0x000000000010130c       0xc8 camera.o
                0x000000000010130c                start_capture_cam
 .text.update_qr
                0x00000000001013d4      0x3dc camera.o
                0x00000000001013d4                update_qr
 .text.init_qr  0x00000000001017b0       0xfc camera.o
                0x00000000001017b0                init_qr
 .text.init_colors
                0x00000000001018ac       0x54 colors.o
                0x00000000001018ac                init_colors
 .text.draw_image
                0x0000000000101900       0x9c draw.o
 .text.init_screens
                0x000000000010199c      0x534 draw.o
                0x000000000010199c                init_screens
 .text.exit_screens
                0x0000000000101ed0       0x34 draw.o
                0x0000000000101ed0                exit_screens
 .text.set_screen
                0x0000000000101f04       0x28 draw.o
                0x0000000000101f04                set_screen
 .text.end_frame
                0x0000000000101f2c       0x28 draw.o
                0x0000000000101f2c                end_frame
 .text.draw_text_center
                0x0000000000101f54      0x134 draw.o
                0x0000000000101f54                draw_text_center
 .text.draw_base_interface
                0x0000000000102088      0x38c draw.o
                0x0000000000102088                draw_base_interface
 .text.throw_error
                0x0000000000102414      0x13c draw.o
                0x0000000000102414                throw_error
 .text.draw_preview
                0x0000000000102550      0x158 draw.o
                0x0000000000102550                draw_preview
 .text.draw_install
                0x00000000001026a8       0xcc draw.o
                0x00000000001026a8                draw_install
 *fill*         0x0000000000102774        0x4 
 .text.draw_loading_bar
                0x0000000000102778      0x198 draw.o
                0x0000000000102778                draw_loading_bar
 .text.draw_text_wrap
                0x0000000000102910      0x1cc draw.o
                0x0000000000102910                draw_text_wrap
 .text.draw_entry_info
                0x0000000000102adc      0x1c8 draw.o
 .text.draw_text_wrap_scaled.part.0
                0x0000000000102ca4       0xfc draw.o
 .text.draw_instructions
                0x0000000000102da0      0x220 draw.o
 .text.draw_grid_interface
                0x0000000000102fc0      0x628 draw.o
                0x0000000000102fc0                draw_grid_interface
 .text.draw_interface
                0x00000000001035e8      0xba4 draw.o
                0x00000000001035e8                draw_interface
 .text.draw_confirm
                0x000000000010418c      0x180 draw.o
                0x000000000010418c                draw_confirm
 .text.zip_to_buf
                0x000000000010430c       0xa4 fs.o
 .text.open_archives
                0x00000000001043b0      0x278 fs.o
                0x00000000001043b0                open_archives
 .text.close_archives
                0x0000000000104628       0x3c fs.o
                0x0000000000104628                close_archives
 .text.file_to_buf
                0x0000000000104664       0xa8 fs.o
                0x0000000000104664                file_to_buf
 .text.zip_memory_to_buf
                0x000000000010470c       0x80 fs.o
                0x000000000010470c                zip_memory_to_buf
 .text.zip_file_to_buf
                0x000000000010478c       0xc4 fs.o
                0x000000000010478c                zip_file_to_buf
 .text.buf_to_file
                0x0000000000104850       0x84 fs.o
                0x0000000000104850                buf_to_file
 .text.decompress_lz_file
                0x00000000001048d4      0x264 fs.o
                0x00000000001048d4                decompress_lz_file
 .text.compress_lz_file_fast
                0x0000000000104b38      0x13c fs.o
                0x0000000000104b38                compress_lz_file_fast
 .text.remake_file
                0x0000000000104c74       0xc8 fs.o
                0x0000000000104c74                remake_file
 .text.compare_entries_by_name
                0x0000000000104d3c        0x8 loading.o
 .text.compare_entries_by_author
                0x0000000000104d44       0x10 loading.o
 .text.compare_entries_by_filename
                0x0000000000104d54       0x10 loading.o
 .text.delete_entry
                0x0000000000104d64       0x80 loading.o
                0x0000000000104d64                delete_entry
 .text.load_data
                0x0000000000104de4       0xb4 loading.o
                0x0000000000104de4                load_data
 .text.loadTextureIcon
                0x0000000000104e98       0x84 loading.o
                0x0000000000104e98                loadTextureIcon
 .text.parse_smdh
                0x0000000000104f1c      0x10c loading.o
                0x0000000000104f1c                parse_smdh
 .text.sort_by_name
                0x0000000000105028       0x38 loading.o
                0x0000000000105028                sort_by_name
 .text.sort_by_author
                0x0000000000105060       0x38 loading.o
                0x0000000000105060                sort_by_author
 .text.sort_by_filename
                0x0000000000105098       0x38 loading.o
                0x0000000000105098                sort_by_filename
 .text.load_entries
                0x00000000001050d0      0x320 loading.o
                0x00000000001050d0                load_entries
 .text.load_icons_first
                0x00000000001053f0      0x1c4 loading.o
                0x00000000001053f0                load_icons_first
 .text.handle_scrolling
                0x00000000001055b4      0x1b0 loading.o
                0x00000000001055b4                handle_scrolling
 *fill*         0x0000000000105764        0x4 
 .text.load_icons_thread
                0x0000000000105768      0x4c8 loading.o
                0x0000000000105768                load_icons_thread
 .text.load_preview_from_buffer
                0x0000000000105c30      0x3e4 loading.o
                0x0000000000105c30                load_preview_from_buffer
 .text.load_preview
                0x0000000000106014      0x12c loading.o
                0x0000000000106014                load_preview
 .text.free_preview
                0x0000000000106140       0x38 loading.o
                0x0000000000106140                free_preview
 .text.load_audio
                0x0000000000106178      0x278 loading.o
                0x0000000000106178                load_audio
 .text.change_selected
                0x00000000001063f0       0x38 main.o
 .text.wait_scroll
                0x0000000000106428       0x34 main.o
 .text.jump_menu
                0x000000000010645c      0x174 main.o
 .text.jump_menu_callback
                0x00000000001065d0       0x50 main.o
 .text.free_lists
                0x0000000000106620      0x10c main.o
                0x0000000000106620                free_lists
 *fill*         0x000000000010672c        0x4 
 .text.load_lists.constprop.0
                0x0000000000106730      0x18c main.o
 .text.exit_function
                0x00000000001068bc       0xa8 main.o
                0x00000000001068bc                exit_function
 *fill*         0x0000000000106964        0x4 
 .text.startup.main
                0x0000000000106968      0xedc main.o
                0x0000000000106968                main
 .text.update_audio
                0x0000000000107844      0x144 music.o
                0x0000000000107844                update_audio
 .text.thread_audio
                0x0000000000107988       0xb0 music.o
                0x0000000000107988                thread_audio
 .text.play_audio
                0x0000000000107a38       0x34 music.o
                0x0000000000107a38                play_audio
 .text.change_selected
                0x0000000000107a6c       0x94 remote.o
 .text.jump_menu_callback
                0x0000000000107b00       0x5c remote.o
 .text.free_icons.part.0
                0x0000000000107b5c       0x60 remote.o
 .text.http_get
                0x0000000000107bbc      0x604 remote.o
                0x0000000000107bbc                http_get
 .text.load_remote_list
                0x00000000001081c0      0x628 remote.o
 .text.search_menu
                0x00000000001087e8      0x124 remote.o
 .text.jump_menu.part.0
                0x000000000010890c      0x15c remote.o
 .text.themeplaza_browser
                0x0000000000108a68      0xc54 remote.o
                0x0000000000108a68                themeplaza_browser
 .text.splash_delete
                0x00000000001096bc       0x20 splashes.o
                0x00000000001096bc                splash_delete
 .text.splash_install
                0x00000000001096dc      0x20c splashes.o
                0x00000000001096dc                splash_install
 .text.splash_check_installed
                0x00000000001098e8      0x2c4 splashes.o
                0x00000000001098e8                splash_check_installed
 .text.install_theme_internal.isra.0
                0x0000000000109bac      0xbb0 themes.o
 .text.theme_install
                0x000000000010a75c       0x40 themes.o
                0x000000000010a75c                theme_install
 .text.bgm_install
                0x000000000010a79c       0x40 themes.o
                0x000000000010a79c                bgm_install
 .text.no_bgm_install
                0x000000000010a7dc       0x40 themes.o
                0x000000000010a7dc                no_bgm_install
 .text.shuffle_install
                0x000000000010a81c       0x28 themes.o
                0x000000000010a81c                shuffle_install
 .text.themes_check_installed
                0x000000000010a844      0x330 themes.o
                0x000000000010a844                themes_check_installed
 .text.strulen  0x000000000010ab74       0x38 unicode.o
                0x000000000010ab74                strulen
 .text.struacat
                0x000000000010abac       0x80 unicode.o
                0x000000000010abac                struacat
 .text.strucat  0x000000000010ac2c       0x64 unicode.o
                0x000000000010ac2c                strucat
 .text.poly_add
                0x000000000010ac90       0x80 decode.o
 .text.poly_eval
                0x000000000010ad10       0x70 decode.o
 .text.reserved_cell
                0x000000000010ad80      0x16c decode.o
 .text.berlekamp_massey
                0x000000000010aeec      0x258 decode.o
 .text.format_syndromes
                0x000000000010b144       0x94 decode.o
 .text.read_format
                0x000000000010b1d8      0x194 decode.o
 .text.block_syndromes
                0x000000000010b36c       0xc4 decode.o
 .text.read_bit.isra.0
                0x000000000010b430      0x19c decode.o
 .text.quirc_decode
                0x000000000010b5cc      0xe14 decode.o
                0x000000000010b5cc                quirc_decode
 .text.perspective_setup
                0x000000000010c3e0      0x1e0 identify.o
 .text.flood_fill_seed
                0x000000000010c5c0      0x230 identify.o
 .text.area_count
                0x000000000010c7f0       0x18 identify.o
 .text.find_one_corner
                0x000000000010c808       0x60 identify.o
 .text.find_other_corners
                0x000000000010c868       0x90 identify.o
 .text.find_leftmost_to_line
                0x000000000010c8f8       0x5c identify.o
 .text.region_code
                0x000000000010c954       0xc0 identify.o
 *fill*         0x000000000010ca14        0x4 
 .text.perspective_map
                0x000000000010ca18       0x90 identify.o
 .text.fitness_cell
                0x000000000010caa8       0xdc identify.o
 .text.fitness_ring
                0x000000000010cb84       0xbc identify.o
 .text.fitness_capstone
                0x000000000010cc40       0x84 identify.o
 .text.fitness_apat
                0x000000000010ccc4       0x6c identify.o
 .text.fitness_all
                0x000000000010cd30      0x210 identify.o
 .text.timing_scan.isra.0
                0x000000000010cf40      0x17c identify.o
 .text.perspective_unmap.isra.0
                0x000000000010d0bc       0xcc identify.o
 .text.test_grouping
                0x000000000010d188      0xba8 identify.o
 .text.quirc_begin
                0x000000000010dd30       0x38 identify.o
                0x000000000010dd30                quirc_begin
 .text.quirc_end
                0x000000000010dd68      0x6a0 identify.o
                0x000000000010dd68                quirc_end
 .text.quirc_extract
                0x000000000010e408      0x1a4 identify.o
                0x000000000010e408                quirc_extract
 .text.quirc_new
                0x000000000010e5ac        0xc quirc.o
                0x000000000010e5ac                quirc_new
 .text.quirc_destroy
                0x000000000010e5b8       0x1c quirc.o
                0x000000000010e5b8                quirc_destroy
 .text.quirc_resize
                0x000000000010e5d4       0x78 quirc.o
                0x000000000010e5d4                quirc_resize
 .text.quirc_count
                0x000000000010e64c        0xc quirc.o
                0x000000000010e64c                quirc_count
 .text.png_colorspace_endpoints_match
                0x000000000010e658      0x114 C:/devkitPro/portlibs/3ds/lib\libpng.a(png.o)
 .text.png_zalloc
                0x000000000010e76c       0x50 C:/devkitPro/portlibs/3ds/lib\libpng.a(png.o)
                0x000000000010e76c                png_zalloc
 .text.png_zfree
                0x000000000010e7bc        0x4 C:/devkitPro/portlibs/3ds/lib\libpng.a(png.o)
                0x000000000010e7bc                png_zfree
 .text.png_colorspace_set_xy_and_XYZ
                0x000000000010e7c0       0xfc C:/devkitPro/portlibs/3ds/lib\libpng.a(png.o)
 *fill*         0x000000000010e8bc        0x4 
 .text.png_build_16bit_table
                0x000000000010e8c0      0x194 C:/devkitPro/portlibs/3ds/lib\libpng.a(png.o)
 .text.is_ICC_signature_char.part.0
                0x000000000010ea54       0x18 C:/devkitPro/portlibs/3ds/lib\libpng.a(png.o)
 .text.png_icc_profile_error
                0x000000000010ea6c      0x200 C:/devkitPro/portlibs/3ds/lib\libpng.a(png.o)
 .text.png_free_data.part.0
                0x000000000010ec6c      0x4dc C:/devkitPro/portlibs/3ds/lib\libpng.a(png.o)
 .text.png_muldiv.part.0
                0x000000000010f148       0x88 C:/devkitPro/portlibs/3ds/lib\libpng.a(png.o)
 .text.png_xy_from_XYZ
                0x000000000010f1d0      0x1c4 C:/devkitPro/portlibs/3ds/lib\libpng.a(png.o)
 .text.png_colorspace_check_xy.part.0
                0x000000000010f394       0x40 C:/devkitPro/portlibs/3ds/lib\libpng.a(png.o)
 .text.png_colorspace_check_gamma.isra.0
                0x000000000010f3d4       0xc8 C:/devkitPro/portlibs/3ds/lib\libpng.a(png.o)
 *fill*         0x000000000010f49c        0x4 
 .text.png_reciprocal2.part.0
                0x000000000010f4a0       0x80 C:/devkitPro/portlibs/3ds/lib\libpng.a(png.o)
 .text.png_gamma_8bit_correct.part.0
                0x000000000010f520       0x70 C:/devkitPro/portlibs/3ds/lib\libpng.a(png.o)
 .text.png_build_8bit_table
                0x000000000010f590       0x88 C:/devkitPro/portlibs/3ds/lib\libpng.a(png.o)
 .text.png_gamma_16bit_correct.part.0
                0x000000000010f618       0x68 C:/devkitPro/portlibs/3ds/lib\libpng.a(png.o)
 .text.png_sig_cmp
                0x000000000010f680       0x6c C:/devkitPro/portlibs/3ds/lib\libpng.a(png.o)
                0x000000000010f680                png_sig_cmp
 .text.png_reset_crc
                0x000000000010f6ec       0x20 C:/devkitPro/portlibs/3ds/lib\libpng.a(png.o)
                0x000000000010f6ec                png_reset_crc
 .text.png_calculate_crc
                0x000000000010f70c       0x50 C:/devkitPro/portlibs/3ds/lib\libpng.a(png.o)
                0x000000000010f70c                png_calculate_crc
 .text.png_user_version_check
                0x000000000010f75c       0xfc C:/devkitPro/portlibs/3ds/lib\libpng.a(png.o)
                0x000000000010f75c                png_user_version_check
 .text.png_create_png_struct
                0x000000000010f858      0x114 C:/devkitPro/portlibs/3ds/lib\libpng.a(png.o)
                0x000000000010f858                png_create_png_struct
 .text.png_create_info_struct
                0x000000000010f96c       0x30 C:/devkitPro/portlibs/3ds/lib\libpng.a(png.o)
                0x000000000010f96c                png_create_info_struct
 .text.png_destroy_info_struct
                0x000000000010f99c       0x5c C:/devkitPro/portlibs/3ds/lib\libpng.a(png.o)
                0x000000000010f99c                png_destroy_info_struct
 .text.png_free_data
                0x000000000010f9f8       0x10 C:/devkitPro/portlibs/3ds/lib\libpng.a(png.o)
                0x000000000010f9f8                png_free_data
 .text.png_init_io
                0x000000000010fa08        0xc C:/devkitPro/portlibs/3ds/lib\libpng.a(png.o)
                0x000000000010fa08                png_init_io
 .text.png_handle_as_unknown
                0x000000000010fa14       0x98 C:/devkitPro/portlibs/3ds/lib\libpng.a(png.o)
                0x000000000010fa14                png_handle_as_unknown
 .text.png_chunk_unknown_handling
                0x000000000010faac       0x28 C:/devkitPro/portlibs/3ds/lib\libpng.a(png.o)
                0x000000000010faac                png_chunk_unknown_handling
 .text.png_zstream_error
                0x000000000010fad4       0xe4 C:/devkitPro/portlibs/3ds/lib\libpng.a(png.o)
                0x000000000010fad4                png_zstream_error
 .text.png_colorspace_set_gamma
                0x000000000010fbb8       0xb0 C:/devkitPro/portlibs/3ds/lib\libpng.a(png.o)
                0x000000000010fbb8                png_colorspace_set_gamma
 .text.png_colorspace_sync_info
                0x000000000010fc68       0x68 C:/devkitPro/portlibs/3ds/lib\libpng.a(png.o)
                0x000000000010fc68                png_colorspace_sync_info
 .text.png_colorspace_sync
                0x000000000010fcd0       0x30 C:/devkitPro/portlibs/3ds/lib\libpng.a(png.o)
                0x000000000010fcd0                png_colorspace_sync
 .text.png_colorspace_set_sRGB
                0x000000000010fd00      0x15c C:/devkitPro/portlibs/3ds/lib\libpng.a(png.o)
                0x000000000010fd00                png_colorspace_set_sRGB
 .text.png_icc_check_length
                0x000000000010fe5c       0x7c C:/devkitPro/portlibs/3ds/lib\libpng.a(png.o)
                0x000000000010fe5c                png_icc_check_length
 .text.png_icc_check_header
                0x000000000010fed8      0x3a0 C:/devkitPro/portlibs/3ds/lib\libpng.a(png.o)
                0x000000000010fed8                png_icc_check_header
 .text.png_icc_check_tag_table
                0x0000000000110278      0x12c C:/devkitPro/portlibs/3ds/lib\libpng.a(png.o)
                0x0000000000110278                png_icc_check_tag_table
 .text.png_icc_set_sRGB
                0x00000000001103a4      0x254 C:/devkitPro/portlibs/3ds/lib\libpng.a(png.o)
                0x00000000001103a4                png_icc_set_sRGB
 .text.png_colorspace_set_rgb_coefficients
                0x00000000001105f8      0x1a4 C:/devkitPro/portlibs/3ds/lib\libpng.a(png.o)
                0x00000000001105f8                png_colorspace_set_rgb_coefficients
 .text.png_check_IHDR
                0x000000000011079c      0x2d0 C:/devkitPro/portlibs/3ds/lib\libpng.a(png.o)
                0x000000000011079c                png_check_IHDR
 .text.png_check_fp_number
                0x0000000000110a6c      0x290 C:/devkitPro/portlibs/3ds/lib\libpng.a(png.o)
                0x0000000000110a6c                png_check_fp_number
 .text.png_check_fp_string
                0x0000000000110cfc       0x5c C:/devkitPro/portlibs/3ds/lib\libpng.a(png.o)
                0x0000000000110cfc                png_check_fp_string
 .text.png_muldiv
                0x0000000000110d58       0x48 C:/devkitPro/portlibs/3ds/lib\libpng.a(png.o)
                0x0000000000110d58                png_muldiv
 .text.png_reciprocal
                0x0000000000110da0       0x78 C:/devkitPro/portlibs/3ds/lib\libpng.a(png.o)
                0x0000000000110da0                png_reciprocal
 .text.png_XYZ_from_xy
                0x0000000000110e18      0x528 C:/devkitPro/portlibs/3ds/lib\libpng.a(png.o)
 .text.png_colorspace_set_chromaticities
                0x0000000000111340       0xb4 C:/devkitPro/portlibs/3ds/lib\libpng.a(png.o)
                0x0000000000111340                png_colorspace_set_chromaticities
 .text.png_gamma_significant
                0x00000000001113f4       0x20 C:/devkitPro/portlibs/3ds/lib\libpng.a(png.o)
                0x00000000001113f4                png_gamma_significant
 .text.png_reciprocal2
                0x0000000000111414       0x24 C:/devkitPro/portlibs/3ds/lib\libpng.a(png.o)
                0x0000000000111414                png_reciprocal2
 .text.png_gamma_8bit_correct
                0x0000000000111438       0x18 C:/devkitPro/portlibs/3ds/lib\libpng.a(png.o)
                0x0000000000111438                png_gamma_8bit_correct
 .text.png_gamma_correct
                0x0000000000111450       0x64 C:/devkitPro/portlibs/3ds/lib\libpng.a(png.o)
                0x0000000000111450                png_gamma_correct
 .text.png_destroy_gamma_table
                0x00000000001114b4      0x134 C:/devkitPro/portlibs/3ds/lib\libpng.a(png.o)
                0x00000000001114b4                png_destroy_gamma_table
 .text.png_build_gamma_table
                0x00000000001115e8      0x464 C:/devkitPro/portlibs/3ds/lib\libpng.a(png.o)
                0x00000000001115e8                png_build_gamma_table
 .text.png_format_buffer.isra.0
                0x0000000000111a4c      0x10c C:/devkitPro/portlibs/3ds/lib\libpng.a(pngerror.o)
 .text.png_default_warning.isra.0
                0x0000000000111b58       0x40 C:/devkitPro/portlibs/3ds/lib\libpng.a(pngerror.o)
 .text.png_safecat.part.0
                0x0000000000111b98       0x68 C:/devkitPro/portlibs/3ds/lib\libpng.a(pngerror.o)
 .text.png_safecat
                0x0000000000111c00       0x18 C:/devkitPro/portlibs/3ds/lib\libpng.a(pngerror.o)
                0x0000000000111c00                png_safecat
 .text.png_format_number
                0x0000000000111c18      0x13c C:/devkitPro/portlibs/3ds/lib\libpng.a(pngerror.o)
                0x0000000000111c18                png_format_number
 .text.png_warning
                0x0000000000111d54       0x5c C:/devkitPro/portlibs/3ds/lib\libpng.a(pngerror.o)
                0x0000000000111d54                png_warning
 .text.png_chunk_warning
                0x0000000000111db0       0x44 C:/devkitPro/portlibs/3ds/lib\libpng.a(pngerror.o)
                0x0000000000111db0                png_chunk_warning
 .text.png_free_jmpbuf
                0x0000000000111df4       0x90 C:/devkitPro/portlibs/3ds/lib\libpng.a(pngerror.o)
                0x0000000000111df4                png_free_jmpbuf
 .text.png_longjmp
                0x0000000000111e84       0x2c C:/devkitPro/portlibs/3ds/lib\libpng.a(pngerror.o)
                0x0000000000111e84                png_longjmp
 .text.png_default_error
                0x0000000000111eb0       0x50 C:/devkitPro/portlibs/3ds/lib\libpng.a(pngerror.o)
 .text.png_error
                0x0000000000111f00       0x2c C:/devkitPro/portlibs/3ds/lib\libpng.a(pngerror.o)
                0x0000000000111f00                png_error
 .text.png_app_warning
                0x0000000000111f2c       0x18 C:/devkitPro/portlibs/3ds/lib\libpng.a(pngerror.o)
                0x0000000000111f2c                png_app_warning
 .text.png_app_error
                0x0000000000111f44       0x18 C:/devkitPro/portlibs/3ds/lib\libpng.a(pngerror.o)
                0x0000000000111f44                png_app_error
 .text.png_set_longjmp_fn
                0x0000000000111f5c       0xb8 C:/devkitPro/portlibs/3ds/lib\libpng.a(pngerror.o)
                0x0000000000111f5c                png_set_longjmp_fn
 .text.png_chunk_error
                0x0000000000112014       0x30 C:/devkitPro/portlibs/3ds/lib\libpng.a(pngerror.o)
                0x0000000000112014                png_chunk_error
 .text.png_chunk_benign_error
                0x0000000000112044       0x18 C:/devkitPro/portlibs/3ds/lib\libpng.a(pngerror.o)
                0x0000000000112044                png_chunk_benign_error
 .text.png_chunk_report
                0x000000000011205c       0x2c C:/devkitPro/portlibs/3ds/lib\libpng.a(pngerror.o)
                0x000000000011205c                png_chunk_report
 .text.png_benign_error
                0x0000000000112088       0x68 C:/devkitPro/portlibs/3ds/lib\libpng.a(pngerror.o)
                0x0000000000112088                png_benign_error
 .text.png_set_error_fn
                0x00000000001120f0       0x10 C:/devkitPro/portlibs/3ds/lib\libpng.a(pngerror.o)
                0x00000000001120f0                png_set_error_fn
 .text.png_get_valid
                0x0000000000112100       0x24 C:/devkitPro/portlibs/3ds/lib\libpng.a(pngget.o)
                0x0000000000112100                png_get_valid
 .text.png_get_rowbytes
                0x0000000000112124       0x20 C:/devkitPro/portlibs/3ds/lib\libpng.a(pngget.o)
                0x0000000000112124                png_get_rowbytes
 .text.png_get_image_width
                0x0000000000112144       0x20 C:/devkitPro/portlibs/3ds/lib\libpng.a(pngget.o)
                0x0000000000112144                png_get_image_width
 .text.png_get_image_height
                0x0000000000112164       0x20 C:/devkitPro/portlibs/3ds/lib\libpng.a(pngget.o)
                0x0000000000112164                png_get_image_height
 .text.png_get_bit_depth
                0x0000000000112184       0x20 C:/devkitPro/portlibs/3ds/lib\libpng.a(pngget.o)
                0x0000000000112184                png_get_bit_depth
 .text.png_get_color_type
                0x00000000001121a4       0x20 C:/devkitPro/portlibs/3ds/lib\libpng.a(pngget.o)
                0x00000000001121a4                png_get_color_type
 .text.png_free.part.0
                0x00000000001121c4       0x18 C:/devkitPro/portlibs/3ds/lib\libpng.a(pngmem.o)
 .text.png_destroy_png_struct
                0x00000000001121dc       0x4c C:/devkitPro/portlibs/3ds/lib\libpng.a(pngmem.o)
                0x00000000001121dc                png_destroy_png_struct
 .text.png_malloc_base
                0x0000000000112228       0x30 C:/devkitPro/portlibs/3ds/lib\libpng.a(pngmem.o)
                0x0000000000112228                png_malloc_base
 .text.png_malloc_array
                0x0000000000112258       0x44 C:/devkitPro/portlibs/3ds/lib\libpng.a(pngmem.o)
                0x0000000000112258                png_malloc_array
 .text.png_realloc_array
                0x000000000011229c       0xcc C:/devkitPro/portlibs/3ds/lib\libpng.a(pngmem.o)
                0x000000000011229c                png_realloc_array
 .text.png_malloc
                0x0000000000112368       0x30 C:/devkitPro/portlibs/3ds/lib\libpng.a(pngmem.o)
                0x0000000000112368                png_malloc
 .text.png_calloc
                0x0000000000112398       0x28 C:/devkitPro/portlibs/3ds/lib\libpng.a(pngmem.o)
                0x0000000000112398                png_calloc
 .text.png_malloc_warn
                0x00000000001123c0       0x38 C:/devkitPro/portlibs/3ds/lib\libpng.a(pngmem.o)
                0x00000000001123c0                png_malloc_warn
 .text.png_free
                0x00000000001123f8       0x10 C:/devkitPro/portlibs/3ds/lib\libpng.a(pngmem.o)
                0x00000000001123f8                png_free
 .text.png_set_mem_fn
                0x0000000000112408       0x14 C:/devkitPro/portlibs/3ds/lib\libpng.a(pngmem.o)
                0x0000000000112408                png_set_mem_fn
 .text.png_read_info.part.0
                0x000000000011241c      0x430 C:/devkitPro/portlibs/3ds/lib\libpng.a(pngread.o)
 .text.png_create_read_struct_2
                0x000000000011284c       0x60 C:/devkitPro/portlibs/3ds/lib\libpng.a(pngread.o)
                0x000000000011284c                png_create_read_struct_2
 .text.png_create_read_struct
                0x00000000001128ac       0x24 C:/devkitPro/portlibs/3ds/lib\libpng.a(pngread.o)
                0x00000000001128ac                png_create_read_struct
 .text.png_read_info
                0x00000000001128d0       0x10 C:/devkitPro/portlibs/3ds/lib\libpng.a(pngread.o)
                0x00000000001128d0                png_read_info
 .text.png_read_update_info
                0x00000000001128e0       0x40 C:/devkitPro/portlibs/3ds/lib\libpng.a(pngread.o)
                0x00000000001128e0                png_read_update_info
 .text.png_start_read_image
                0x0000000000112920       0x24 C:/devkitPro/portlibs/3ds/lib\libpng.a(pngread.o)
                0x0000000000112920                png_start_read_image
 .text.png_read_row
                0x0000000000112944      0x460 C:/devkitPro/portlibs/3ds/lib\libpng.a(pngread.o)
                0x0000000000112944                png_read_row
 .text.png_read_image
                0x0000000000112da4       0xb8 C:/devkitPro/portlibs/3ds/lib\libpng.a(pngread.o)
                0x0000000000112da4                png_read_image
 .text.png_destroy_read_struct
                0x0000000000112e5c      0x144 C:/devkitPro/portlibs/3ds/lib\libpng.a(pngread.o)
                0x0000000000112e5c                png_destroy_read_struct
 .text.png_default_read_data
                0x0000000000112fa0       0x38 C:/devkitPro/portlibs/3ds/lib\libpng.a(pngrio.o)
                0x0000000000112fa0                png_default_read_data
 .text.png_read_data
                0x0000000000112fd8       0x20 C:/devkitPro/portlibs/3ds/lib\libpng.a(pngrio.o)
                0x0000000000112fd8                png_read_data
 .text.png_set_read_fn
                0x0000000000112ff8       0x50 C:/devkitPro/portlibs/3ds/lib\libpng.a(pngrio.o)
                0x0000000000112ff8                png_set_read_fn
 .text.png_do_gray_to_rgb
                0x0000000000113048      0x210 C:/devkitPro/portlibs/3ds/lib\libpng.a(pngrtran.o)
 .text.png_do_expand
                0x0000000000113258      0x568 C:/devkitPro/portlibs/3ds/lib\libpng.a(pngrtran.o)
 .text.png_rtran_ok
                0x00000000001137c0       0x6c C:/devkitPro/portlibs/3ds/lib\libpng.a(pngrtran.o)
 .text.png_set_strip_16
                0x000000000011382c       0x24 C:/devkitPro/portlibs/3ds/lib\libpng.a(pngrtran.o)
                0x000000000011382c                png_set_strip_16
 .text.png_set_expand
                0x0000000000113850       0x28 C:/devkitPro/portlibs/3ds/lib\libpng.a(pngrtran.o)
                0x0000000000113850                png_set_expand
 .text.png_set_palette_to_rgb
                0x0000000000113878        0x4 C:/devkitPro/portlibs/3ds/lib\libpng.a(pngrtran.o)
                0x0000000000113878                png_set_palette_to_rgb
 .text.png_set_expand_gray_1_2_4_to_8
                0x000000000011387c       0x24 C:/devkitPro/portlibs/3ds/lib\libpng.a(pngrtran.o)
                0x000000000011387c                png_set_expand_gray_1_2_4_to_8
 .text.png_set_tRNS_to_alpha
                0x00000000001138a0        0x4 C:/devkitPro/portlibs/3ds/lib\libpng.a(pngrtran.o)
                0x00000000001138a0                png_set_tRNS_to_alpha
 .text.png_set_gray_to_rgb
                0x00000000001138a4       0x3c C:/devkitPro/portlibs/3ds/lib\libpng.a(pngrtran.o)
                0x00000000001138a4                png_set_gray_to_rgb
 .text.png_init_read_transformations
                0x00000000001138e0      0xcdc C:/devkitPro/portlibs/3ds/lib\libpng.a(pngrtran.o)
                0x00000000001138e0                png_init_read_transformations
 .text.png_read_transform_info
                0x00000000001145bc      0x2b4 C:/devkitPro/portlibs/3ds/lib\libpng.a(pngrtran.o)
                0x00000000001145bc                png_read_transform_info
 .text.png_do_read_transformations
                0x0000000000114870     0x2c9c C:/devkitPro/portlibs/3ds/lib\libpng.a(pngrtran.o)
                0x0000000000114870                png_do_read_transformations
 .text.png_read_filter_row_sub
                0x000000000011750c       0x44 C:/devkitPro/portlibs/3ds/lib\libpng.a(pngrutil.o)
 .text.png_read_filter_row_up
                0x0000000000117550       0x30 C:/devkitPro/portlibs/3ds/lib\libpng.a(pngrutil.o)
 .text.png_read_filter_row_avg
                0x0000000000117580       0x8c C:/devkitPro/portlibs/3ds/lib\libpng.a(pngrutil.o)
 .text.png_read_filter_row_paeth_1byte_pixel
                0x000000000011760c       0x84 C:/devkitPro/portlibs/3ds/lib\libpng.a(pngrutil.o)
 .text.png_read_filter_row_paeth_multibyte_pixel
                0x0000000000117690       0xc0 C:/devkitPro/portlibs/3ds/lib\libpng.a(pngrutil.o)
 .text.png_inflate_claim
                0x0000000000117750      0x150 C:/devkitPro/portlibs/3ds/lib\libpng.a(pngrutil.o)
 .text.png_read_buffer
                0x00000000001178a0       0x9c C:/devkitPro/portlibs/3ds/lib\libpng.a(pngrutil.o)
 .text.png_crc_read.part.0
                0x000000000011793c       0x28 C:/devkitPro/portlibs/3ds/lib\libpng.a(pngrutil.o)
 .text.png_get_fixed_point.constprop.0
                0x0000000000117964       0x28 C:/devkitPro/portlibs/3ds/lib\libpng.a(pngrutil.o)
 .text.png_get_uint_31
                0x000000000011798c       0x3c C:/devkitPro/portlibs/3ds/lib\libpng.a(pngrutil.o)
                0x000000000011798c                png_get_uint_31
 .text.png_read_sig
                0x00000000001179c8       0xbc C:/devkitPro/portlibs/3ds/lib\libpng.a(pngrutil.o)
                0x00000000001179c8                png_read_sig
 .text.png_crc_error
                0x0000000000117a84       0xa0 C:/devkitPro/portlibs/3ds/lib\libpng.a(pngrutil.o)
                0x0000000000117a84                png_crc_error
 .text.png_crc_finish
                0x0000000000117b24       0xb8 C:/devkitPro/portlibs/3ds/lib\libpng.a(pngrutil.o)
                0x0000000000117b24                png_crc_finish
 .text.png_cache_unknown_chunk
                0x0000000000117bdc      0x10c C:/devkitPro/portlibs/3ds/lib\libpng.a(pngrutil.o)
 .text.png_zlib_inflate
                0x0000000000117ce8       0x4c C:/devkitPro/portlibs/3ds/lib\libpng.a(pngrutil.o)
                0x0000000000117ce8                png_zlib_inflate
 .text.png_inflate_read.part.0.constprop.0
                0x0000000000117d34       0xe8 C:/devkitPro/portlibs/3ds/lib\libpng.a(pngrutil.o)
 .text.png_inflate.constprop.0
                0x0000000000117e1c      0x104 C:/devkitPro/portlibs/3ds/lib\libpng.a(pngrutil.o)
 .text.png_decompress_chunk.constprop.0
                0x0000000000117f20      0x20c C:/devkitPro/portlibs/3ds/lib\libpng.a(pngrutil.o)
 .text.png_handle_IHDR
                0x000000000011812c      0x14c C:/devkitPro/portlibs/3ds/lib\libpng.a(pngrutil.o)
                0x000000000011812c                png_handle_IHDR
 .text.png_handle_PLTE
                0x0000000000118278      0x244 C:/devkitPro/portlibs/3ds/lib\libpng.a(pngrutil.o)
                0x0000000000118278                png_handle_PLTE
 .text.png_handle_IEND
                0x00000000001184bc       0x54 C:/devkitPro/portlibs/3ds/lib\libpng.a(pngrutil.o)
                0x00000000001184bc                png_handle_IEND
 .text.png_handle_gAMA
                0x0000000000118510       0xbc C:/devkitPro/portlibs/3ds/lib\libpng.a(pngrutil.o)
                0x0000000000118510                png_handle_gAMA
 .text.png_handle_sBIT
                0x00000000001185cc      0x1b4 C:/devkitPro/portlibs/3ds/lib\libpng.a(pngrutil.o)
                0x00000000001185cc                png_handle_sBIT
 .text.png_handle_cHRM
                0x0000000000118780      0x218 C:/devkitPro/portlibs/3ds/lib\libpng.a(pngrutil.o)
                0x0000000000118780                png_handle_cHRM
 .text.png_handle_sRGB
                0x0000000000118998       0xf8 C:/devkitPro/portlibs/3ds/lib\libpng.a(pngrutil.o)
                0x0000000000118998                png_handle_sRGB
 .text.png_handle_iCCP
                0x0000000000118a90      0x5e8 C:/devkitPro/portlibs/3ds/lib\libpng.a(pngrutil.o)
                0x0000000000118a90                png_handle_iCCP
 .text.png_handle_sPLT
                0x0000000000119078      0x32c C:/devkitPro/portlibs/3ds/lib\libpng.a(pngrutil.o)
                0x0000000000119078                png_handle_sPLT
 .text.png_handle_tRNS
                0x00000000001193a4      0x208 C:/devkitPro/portlibs/3ds/lib\libpng.a(pngrutil.o)
                0x00000000001193a4                png_handle_tRNS
 .text.png_handle_bKGD
                0x00000000001195ac      0x264 C:/devkitPro/portlibs/3ds/lib\libpng.a(pngrutil.o)
                0x00000000001195ac                png_handle_bKGD
 .text.png_handle_eXIf
                0x0000000000119810      0x1c0 C:/devkitPro/portlibs/3ds/lib\libpng.a(pngrutil.o)
                0x0000000000119810                png_handle_eXIf
 .text.png_handle_hIST
                0x00000000001199d0      0x130 C:/devkitPro/portlibs/3ds/lib\libpng.a(pngrutil.o)
                0x00000000001199d0                png_handle_hIST
 .text.png_handle_pHYs
                0x0000000000119b00      0x12c C:/devkitPro/portlibs/3ds/lib\libpng.a(pngrutil.o)
                0x0000000000119b00                png_handle_pHYs
 .text.png_handle_oFFs
                0x0000000000119c2c      0x14c C:/devkitPro/portlibs/3ds/lib\libpng.a(pngrutil.o)
                0x0000000000119c2c                png_handle_oFFs
 .text.png_handle_pCAL
                0x0000000000119d78      0x334 C:/devkitPro/portlibs/3ds/lib\libpng.a(pngrutil.o)
                0x0000000000119d78                png_handle_pCAL
 .text.png_handle_sCAL
                0x000000000011a0ac      0x244 C:/devkitPro/portlibs/3ds/lib\libpng.a(pngrutil.o)
                0x000000000011a0ac                png_handle_sCAL
 .text.png_handle_tIME
                0x000000000011a2f0       0xf4 C:/devkitPro/portlibs/3ds/lib\libpng.a(pngrutil.o)
                0x000000000011a2f0                png_handle_tIME
 .text.png_handle_tEXt
                0x000000000011a3e4      0x170 C:/devkitPro/portlibs/3ds/lib\libpng.a(pngrutil.o)
                0x000000000011a3e4                png_handle_tEXt
 .text.png_handle_zTXt
                0x000000000011a554      0x224 C:/devkitPro/portlibs/3ds/lib\libpng.a(pngrutil.o)
                0x000000000011a554                png_handle_zTXt
 .text.png_handle_iTXt
                0x000000000011a778      0x310 C:/devkitPro/portlibs/3ds/lib\libpng.a(pngrutil.o)
                0x000000000011a778                png_handle_iTXt
 .text.png_handle_unknown
                0x000000000011aa88      0x1a8 C:/devkitPro/portlibs/3ds/lib\libpng.a(pngrutil.o)
                0x000000000011aa88                png_handle_unknown
 .text.png_check_chunk_name
                0x000000000011ac30       0x4c C:/devkitPro/portlibs/3ds/lib\libpng.a(pngrutil.o)
                0x000000000011ac30                png_check_chunk_name
 .text.png_check_chunk_length
                0x000000000011ac7c       0xc8 C:/devkitPro/portlibs/3ds/lib\libpng.a(pngrutil.o)
                0x000000000011ac7c                png_check_chunk_length
 .text.png_read_chunk_header
                0x000000000011ad44       0x80 C:/devkitPro/portlibs/3ds/lib\libpng.a(pngrutil.o)
                0x000000000011ad44                png_read_chunk_header
 .text.png_combine_row
                0x000000000011adc4      0x4d4 C:/devkitPro/portlibs/3ds/lib\libpng.a(pngrutil.o)
                0x000000000011adc4                png_combine_row
 .text.png_do_read_interlace
                0x000000000011b298      0x3e4 C:/devkitPro/portlibs/3ds/lib\libpng.a(pngrutil.o)
                0x000000000011b298                png_do_read_interlace
 .text.png_read_filter_row
                0x000000000011b67c       0x94 C:/devkitPro/portlibs/3ds/lib\libpng.a(pngrutil.o)
                0x000000000011b67c                png_read_filter_row
 .text.png_read_IDAT_data
                0x000000000011b710      0x1c0 C:/devkitPro/portlibs/3ds/lib\libpng.a(pngrutil.o)
                0x000000000011b710                png_read_IDAT_data
 .text.png_read_finish_IDAT
                0x000000000011b8d0       0x74 C:/devkitPro/portlibs/3ds/lib\libpng.a(pngrutil.o)
                0x000000000011b8d0                png_read_finish_IDAT
 .text.png_read_finish_row
                0x000000000011b944      0x138 C:/devkitPro/portlibs/3ds/lib\libpng.a(pngrutil.o)
                0x000000000011b944                png_read_finish_row
 .text.png_read_start_row
                0x000000000011ba7c      0x3a0 C:/devkitPro/portlibs/3ds/lib\libpng.a(pngrutil.o)
                0x000000000011ba7c                png_read_start_row
 .text.check_location
                0x000000000011be1c       0x64 C:/devkitPro/portlibs/3ds/lib\libpng.a(pngset.o)
 .text.png_set_bKGD
                0x000000000011be80       0x48 C:/devkitPro/portlibs/3ds/lib\libpng.a(pngset.o)
                0x000000000011be80                png_set_bKGD
 .text.png_set_eXIf_1
                0x000000000011bec8       0xb8 C:/devkitPro/portlibs/3ds/lib\libpng.a(pngset.o)
                0x000000000011bec8                png_set_eXIf_1
 .text.png_set_hIST
                0x000000000011bf80       0xc0 C:/devkitPro/portlibs/3ds/lib\libpng.a(pngset.o)
                0x000000000011bf80                png_set_hIST
 .text.png_set_IHDR
                0x000000000011c040      0x104 C:/devkitPro/portlibs/3ds/lib\libpng.a(pngset.o)
                0x000000000011c040                png_set_IHDR
 .text.png_set_oFFs
                0x000000000011c144       0x2c C:/devkitPro/portlibs/3ds/lib\libpng.a(pngset.o)
                0x000000000011c144                png_set_oFFs
 .text.png_set_pCAL
                0x000000000011c170      0x280 C:/devkitPro/portlibs/3ds/lib\libpng.a(pngset.o)
                0x000000000011c170                png_set_pCAL
 .text.png_set_sCAL_s
                0x000000000011c3f0      0x174 C:/devkitPro/portlibs/3ds/lib\libpng.a(pngset.o)
                0x000000000011c3f0                png_set_sCAL_s
 .text.png_set_pHYs
                0x000000000011c564       0x2c C:/devkitPro/portlibs/3ds/lib\libpng.a(pngset.o)
                0x000000000011c564                png_set_pHYs
 .text.png_set_PLTE
                0x000000000011c590      0x134 C:/devkitPro/portlibs/3ds/lib\libpng.a(pngset.o)
                0x000000000011c590                png_set_PLTE
 .text.png_set_sBIT
                0x000000000011c6c4       0x40 C:/devkitPro/portlibs/3ds/lib\libpng.a(pngset.o)
                0x000000000011c6c4                png_set_sBIT
 .text.png_set_text_2
                0x000000000011c704      0x334 C:/devkitPro/portlibs/3ds/lib\libpng.a(pngset.o)
                0x000000000011c704                png_set_text_2
 .text.png_set_tIME
                0x000000000011ca38       0xa0 C:/devkitPro/portlibs/3ds/lib\libpng.a(pngset.o)
                0x000000000011ca38                png_set_tIME
 .text.png_set_tRNS
                0x000000000011cad8      0x144 C:/devkitPro/portlibs/3ds/lib\libpng.a(pngset.o)
                0x000000000011cad8                png_set_tRNS
 .text.png_set_sPLT
                0x000000000011cc1c      0x180 C:/devkitPro/portlibs/3ds/lib\libpng.a(pngset.o)
                0x000000000011cc1c                png_set_sPLT
 .text.png_set_unknown_chunks
                0x000000000011cd9c      0x138 C:/devkitPro/portlibs/3ds/lib\libpng.a(pngset.o)
                0x000000000011cd9c                png_set_unknown_chunks
 .text.png_set_bgr
                0x000000000011ced4       0x14 C:/devkitPro/portlibs/3ds/lib\libpng.a(pngtrans.o)
                0x000000000011ced4                png_set_bgr
 .text.png_set_interlace_handling
                0x000000000011cee8       0x30 C:/devkitPro/portlibs/3ds/lib\libpng.a(pngtrans.o)
                0x000000000011cee8                png_set_interlace_handling
 .text.png_set_filler
                0x000000000011cf18       0x88 C:/devkitPro/portlibs/3ds/lib\libpng.a(pngtrans.o)
                0x000000000011cf18                png_set_filler
 .text.png_set_swap_alpha
                0x000000000011cfa0       0x14 C:/devkitPro/portlibs/3ds/lib\libpng.a(pngtrans.o)
                0x000000000011cfa0                png_set_swap_alpha
 .text.png_do_invert
                0x000000000011cfb4       0xc8 C:/devkitPro/portlibs/3ds/lib\libpng.a(pngtrans.o)
                0x000000000011cfb4                png_do_invert
 .text.png_do_swap
                0x000000000011d07c       0x4c C:/devkitPro/portlibs/3ds/lib\libpng.a(pngtrans.o)
                0x000000000011d07c                png_do_swap
 .text.png_do_packswap
                0x000000000011d0c8       0x7c C:/devkitPro/portlibs/3ds/lib\libpng.a(pngtrans.o)
                0x000000000011d0c8                png_do_packswap
 .text.png_do_strip_channel
                0x000000000011d144      0x258 C:/devkitPro/portlibs/3ds/lib\libpng.a(pngtrans.o)
                0x000000000011d144                png_do_strip_channel
 .text.png_do_bgr
                0x000000000011d39c      0x138 C:/devkitPro/portlibs/3ds/lib\libpng.a(pngtrans.o)
                0x000000000011d39c                png_do_bgr
 .text.png_do_check_palette_indexes
                0x000000000011d4d4      0x19c C:/devkitPro/portlibs/3ds/lib\libpng.a(pngtrans.o)
                0x000000000011d4d4                png_do_check_palette_indexes
 .text._get_next_page
                0x000000000011d670      0x124 C:/devkitPro/portlibs/3ds/lib\libvorbisidec.a(vorbisfile.o)
 .text._initial_pcmoffset
                0x000000000011d794      0x104 C:/devkitPro/portlibs/3ds/lib\libvorbisidec.a(vorbisfile.o)
 .text._seek_helper
                0x000000000011d898       0x80 C:/devkitPro/portlibs/3ds/lib\libvorbisidec.a(vorbisfile.o)
 .text._fseek64_wrap
                0x000000000011d918       0x1c C:/devkitPro/portlibs/3ds/lib\libvorbisidec.a(vorbisfile.o)
 .text._make_decode_ready
                0x000000000011d934       0x98 C:/devkitPro/portlibs/3ds/lib\libvorbisidec.a(vorbisfile.o)
 .text._get_prev_page_serial
                0x000000000011d9cc      0x208 C:/devkitPro/portlibs/3ds/lib\libvorbisidec.a(vorbisfile.o)
 .text._fetch_headers
                0x000000000011dbd4      0x354 C:/devkitPro/portlibs/3ds/lib\libvorbisidec.a(vorbisfile.o)
 .text._bisect_forward_serialno
                0x000000000011df28      0x538 C:/devkitPro/portlibs/3ds/lib\libvorbisidec.a(vorbisfile.o)
 .text._fetch_and_process_packet.constprop.10
                0x000000000011e460      0x36c C:/devkitPro/portlibs/3ds/lib\libvorbisidec.a(vorbisfile.o)
 .text.ov_clear
                0x000000000011e7cc       0xf4 C:/devkitPro/portlibs/3ds/lib\libvorbisidec.a(vorbisfile.o)
                0x000000000011e7cc                ov_clear
 .text._ov_open1
                0x000000000011e8c0      0x214 C:/devkitPro/portlibs/3ds/lib\libvorbisidec.a(vorbisfile.o)
 .text.ov_pcm_total
                0x000000000011ead4       0x4c C:/devkitPro/portlibs/3ds/lib\libvorbisidec.a(vorbisfile.o)
                0x000000000011ead4                ov_pcm_total
 .text.ov_pcm_total.part.3
                0x000000000011eb20       0x58 C:/devkitPro/portlibs/3ds/lib\libvorbisidec.a(vorbisfile.o)
 .text.ov_raw_seek
                0x000000000011eb78      0x49c C:/devkitPro/portlibs/3ds/lib\libvorbisidec.a(vorbisfile.o)
                0x000000000011eb78                ov_raw_seek
 .text._open_seekable2
                0x000000000011f014      0x1ac C:/devkitPro/portlibs/3ds/lib\libvorbisidec.a(vorbisfile.o)
 .text.ov_open_callbacks
                0x000000000011f1c0       0xa0 C:/devkitPro/portlibs/3ds/lib\libvorbisidec.a(vorbisfile.o)
                0x000000000011f1c0                ov_open_callbacks
 .text.ov_open  0x000000000011f260       0x4c C:/devkitPro/portlibs/3ds/lib\libvorbisidec.a(vorbisfile.o)
                0x000000000011f260                ov_open
 .text.ov_info  0x000000000011f2ac       0x58 C:/devkitPro/portlibs/3ds/lib\libvorbisidec.a(vorbisfile.o)
                0x000000000011f2ac                ov_info
 .text.ov_read  0x000000000011f304      0x17c C:/devkitPro/portlibs/3ds/lib\libvorbisidec.a(vorbisfile.o)
                0x000000000011f304                ov_read
 .text.vorbis_block_init
                0x000000000011f480       0x24 C:/devkitPro/portlibs/3ds/lib\libvorbisidec.a(block.o)
                0x000000000011f480                vorbis_block_init
 .text._vorbis_block_alloc
                0x000000000011f4a4       0x74 C:/devkitPro/portlibs/3ds/lib\libvorbisidec.a(block.o)
                0x000000000011f4a4                _vorbis_block_alloc
 .text._vorbis_block_ripcord
                0x000000000011f518       0x78 C:/devkitPro/portlibs/3ds/lib\libvorbisidec.a(block.o)
                0x000000000011f518                _vorbis_block_ripcord
 .text.vorbis_block_clear
                0x000000000011f590       0x34 C:/devkitPro/portlibs/3ds/lib\libvorbisidec.a(block.o)
                0x000000000011f590                vorbis_block_clear
 .text.vorbis_synthesis_restart
                0x000000000011f5c4       0x78 C:/devkitPro/portlibs/3ds/lib\libvorbisidec.a(block.o)
                0x000000000011f5c4                vorbis_synthesis_restart
 .text.vorbis_dsp_clear
                0x000000000011f63c      0x124 C:/devkitPro/portlibs/3ds/lib\libvorbisidec.a(block.o)
                0x000000000011f63c                vorbis_dsp_clear
 .text.vorbis_synthesis_init
                0x000000000011f760      0x2cc C:/devkitPro/portlibs/3ds/lib\libvorbisidec.a(block.o)
                0x000000000011f760                vorbis_synthesis_init
 .text.vorbis_synthesis_blockin
                0x000000000011fa2c      0x650 C:/devkitPro/portlibs/3ds/lib\libvorbisidec.a(block.o)
                0x000000000011fa2c                vorbis_synthesis_blockin
 .text.vorbis_synthesis_pcmout
                0x000000000012007c       0x74 C:/devkitPro/portlibs/3ds/lib\libvorbisidec.a(block.o)
                0x000000000012007c                vorbis_synthesis_pcmout
 .text.vorbis_synthesis_read
                0x00000000001200f0       0x30 C:/devkitPro/portlibs/3ds/lib\libvorbisidec.a(block.o)
                0x00000000001200f0                vorbis_synthesis_read
 .text._vorbis_window
                0x0000000000120120       0xb8 C:/devkitPro/portlibs/3ds/lib\libvorbisidec.a(window.o)
                0x0000000000120120                _vorbis_window
 .text._vorbis_apply_window
                0x00000000001201d8      0x164 C:/devkitPro/portlibs/3ds/lib\libvorbisidec.a(window.o)
                0x00000000001201d8                _vorbis_apply_window
 .text._vorbis_synthesis1
                0x000000000012033c      0x1c4 C:/devkitPro/portlibs/3ds/lib\libvorbisidec.a(synthesis.o)
 .text.vorbis_synthesis
                0x0000000000120500        0x8 C:/devkitPro/portlibs/3ds/lib\libvorbisidec.a(synthesis.o)
                0x0000000000120500                vorbis_synthesis
 .text.vorbis_packet_blocksize
                0x0000000000120508       0x88 C:/devkitPro/portlibs/3ds/lib\libvorbisidec.a(synthesis.o)
                0x0000000000120508                vorbis_packet_blocksize
 .text.vorbis_comment_init
                0x0000000000120590       0x18 C:/devkitPro/portlibs/3ds/lib\libvorbisidec.a(info.o)
                0x0000000000120590                vorbis_comment_init
 .text.vorbis_comment_clear
                0x00000000001205a8       0x8c C:/devkitPro/portlibs/3ds/lib\libvorbisidec.a(info.o)
                0x00000000001205a8                vorbis_comment_clear
 .text.vorbis_info_init
                0x0000000000120634       0x40 C:/devkitPro/portlibs/3ds/lib\libvorbisidec.a(info.o)
                0x0000000000120634                vorbis_info_init
 .text.vorbis_info_clear
                0x0000000000120674      0x1a8 C:/devkitPro/portlibs/3ds/lib\libvorbisidec.a(info.o)
                0x0000000000120674                vorbis_info_clear
 .text.vorbis_synthesis_idheader
                0x000000000012081c       0xb0 C:/devkitPro/portlibs/3ds/lib\libvorbisidec.a(info.o)
                0x000000000012081c                vorbis_synthesis_idheader
 .text.vorbis_synthesis_headerin
                0x00000000001208cc      0x6b0 C:/devkitPro/portlibs/3ds/lib\libvorbisidec.a(info.o)
                0x00000000001208cc                vorbis_synthesis_headerin
 .text.vorbis_staticbook_unpack
                0x0000000000120f7c      0x3d0 C:/devkitPro/portlibs/3ds/lib\libvorbisidec.a(codebook.o)
                0x0000000000120f7c                vorbis_staticbook_unpack
 .text.vorbis_book_decode
                0x000000000012134c      0x1b0 C:/devkitPro/portlibs/3ds/lib\libvorbisidec.a(codebook.o)
                0x000000000012134c                vorbis_book_decode
 .text.vorbis_book_decodevs_add
                0x00000000001214fc      0x550 C:/devkitPro/portlibs/3ds/lib\libvorbisidec.a(codebook.o)
                0x00000000001214fc                vorbis_book_decodevs_add
 .text.vorbis_book_decodev_add
                0x0000000000121a4c      0x448 C:/devkitPro/portlibs/3ds/lib\libvorbisidec.a(codebook.o)
                0x0000000000121a4c                vorbis_book_decodev_add
 .text.vorbis_book_decodev_set
                0x0000000000121e94      0x460 C:/devkitPro/portlibs/3ds/lib\libvorbisidec.a(codebook.o)
                0x0000000000121e94                vorbis_book_decodev_set
 .text.vorbis_book_decodevv_add
                0x00000000001222f4      0x424 C:/devkitPro/portlibs/3ds/lib\libvorbisidec.a(codebook.o)
                0x00000000001222f4                vorbis_book_decodevv_add
 .text.bitreverse
                0x0000000000122718       0x5c C:/devkitPro/portlibs/3ds/lib\libvorbisidec.a(sharedbook.o)
 .text.sort32a  0x0000000000122774       0x2c C:/devkitPro/portlibs/3ds/lib\libvorbisidec.a(sharedbook.o)
 .text._ilog    0x00000000001227a0       0x24 C:/devkitPro/portlibs/3ds/lib\libvorbisidec.a(sharedbook.o)
                0x00000000001227a0                _ilog
 .text._make_words
                0x00000000001227c4      0x284 C:/devkitPro/portlibs/3ds/lib\libvorbisidec.a(sharedbook.o)
                0x00000000001227c4                _make_words
 .text._book_maptype1_quantvals
                0x0000000000122a48       0xac C:/devkitPro/portlibs/3ds/lib\libvorbisidec.a(sharedbook.o)
                0x0000000000122a48                _book_maptype1_quantvals
 .text._book_unquantize.part.1
                0x0000000000122af4      0x728 C:/devkitPro/portlibs/3ds/lib\libvorbisidec.a(sharedbook.o)
 .text.vorbis_staticbook_destroy
                0x000000000012321c       0x34 C:/devkitPro/portlibs/3ds/lib\libvorbisidec.a(sharedbook.o)
                0x000000000012321c                vorbis_staticbook_destroy
 .text.vorbis_book_clear
                0x0000000000123250       0x6c C:/devkitPro/portlibs/3ds/lib\libvorbisidec.a(sharedbook.o)
                0x0000000000123250                vorbis_book_clear
 .text.vorbis_book_init_decode
                0x00000000001232bc      0x4d0 C:/devkitPro/portlibs/3ds/lib\libvorbisidec.a(sharedbook.o)
                0x00000000001232bc                vorbis_book_init_decode
 .text.icomp    0x000000000012378c       0x18 C:/devkitPro/portlibs/3ds/lib\libvorbisidec.a(floor1.o)
 .text.floor1_inverse2
                0x00000000001237a4      0x240 C:/devkitPro/portlibs/3ds/lib\libvorbisidec.a(floor1.o)
 .text.floor1_inverse1
                0x00000000001239e4      0x324 C:/devkitPro/portlibs/3ds/lib\libvorbisidec.a(floor1.o)
 .text.floor1_free_look
                0x0000000000123d08        0xc C:/devkitPro/portlibs/3ds/lib\libvorbisidec.a(floor1.o)
 .text.floor1_free_info
                0x0000000000123d14        0xc C:/devkitPro/portlibs/3ds/lib\libvorbisidec.a(floor1.o)
 .text.floor1_look
                0x0000000000123d20      0x208 C:/devkitPro/portlibs/3ds/lib\libvorbisidec.a(floor1.o)
 .text.floor1_unpack
                0x0000000000123f28      0x31c C:/devkitPro/portlibs/3ds/lib\libvorbisidec.a(floor1.o)
 .text.floor0_inverse1
                0x0000000000124244      0x154 C:/devkitPro/portlibs/3ds/lib\libvorbisidec.a(floor0.o)
 .text.floor0_free_info
                0x0000000000124398        0xc C:/devkitPro/portlibs/3ds/lib\libvorbisidec.a(floor0.o)
 .text.floor0_unpack
                0x00000000001243a4      0x11c C:/devkitPro/portlibs/3ds/lib\libvorbisidec.a(floor0.o)
 .text.floor0_free_look
                0x00000000001244c0       0x38 C:/devkitPro/portlibs/3ds/lib\libvorbisidec.a(floor0.o)
 .text.floor0_look
                0x00000000001244f8      0x244 C:/devkitPro/portlibs/3ds/lib\libvorbisidec.a(floor0.o)
 .text.vorbis_lsp_to_curve
                0x000000000012473c      0x3e0 C:/devkitPro/portlibs/3ds/lib\libvorbisidec.a(floor0.o)
                0x000000000012473c                vorbis_lsp_to_curve
 .text.floor0_inverse2
                0x0000000000124b1c       0x6c C:/devkitPro/portlibs/3ds/lib\libvorbisidec.a(floor0.o)
 .text.res0_free_info
                0x0000000000124b88        0xc C:/devkitPro/portlibs/3ds/lib\libvorbisidec.a(res012.o)
                0x0000000000124b88                res0_free_info
 .text.res0_unpack
                0x0000000000124b94      0x218 C:/devkitPro/portlibs/3ds/lib\libvorbisidec.a(res012.o)
                0x0000000000124b94                res0_unpack
 .text.res0_look
                0x0000000000124dac      0x2a8 C:/devkitPro/portlibs/3ds/lib\libvorbisidec.a(res012.o)
                0x0000000000124dac                res0_look
 .text._01inverse
                0x0000000000125054      0x2bc C:/devkitPro/portlibs/3ds/lib\libvorbisidec.a(res012.o)
 .text.res0_inverse
                0x0000000000125310       0x68 C:/devkitPro/portlibs/3ds/lib\libvorbisidec.a(res012.o)
                0x0000000000125310                res0_inverse
 .text.res1_inverse
                0x0000000000125378       0x68 C:/devkitPro/portlibs/3ds/lib\libvorbisidec.a(res012.o)
                0x0000000000125378                res1_inverse
 .text.res2_inverse
                0x00000000001253e0      0x254 C:/devkitPro/portlibs/3ds/lib\libvorbisidec.a(res012.o)
                0x00000000001253e0                res2_inverse
 .text.res0_free_look
                0x0000000000125634       0x8c C:/devkitPro/portlibs/3ds/lib\libvorbisidec.a(res012.o)
                0x0000000000125634                res0_free_look
 .text.mapping0_inverse
                0x00000000001256c0      0x4a8 C:/devkitPro/portlibs/3ds/lib\libvorbisidec.a(mapping0.o)
 .text.mapping0_free_info
                0x0000000000125b68        0xc C:/devkitPro/portlibs/3ds/lib\libvorbisidec.a(mapping0.o)
 .text.mapping0_look
                0x0000000000125b74      0x140 C:/devkitPro/portlibs/3ds/lib\libvorbisidec.a(mapping0.o)
 .text.mapping0_unpack
                0x0000000000125cb4      0x260 C:/devkitPro/portlibs/3ds/lib\libvorbisidec.a(mapping0.o)
 .text.mapping0_free_look
                0x0000000000125f14       0x90 C:/devkitPro/portlibs/3ds/lib\libvorbisidec.a(mapping0.o)
 .text.mdct_backward
                0x0000000000125fa4     0x1a00 C:/devkitPro/portlibs/3ds/lib\libvorbisidec.a(mdct.o)
                0x0000000000125fa4                mdct_backward
 .text._packetout
                0x00000000001279a4      0x124 C:/devkitPro/portlibs/3ds/lib\libogg.a(framing.o)
 .text.ogg_page_checksum_set.part.0
                0x0000000000127ac8       0xb4 C:/devkitPro/portlibs/3ds/lib\libogg.a(framing.o)
 .text.ogg_page_bos
                0x0000000000127b7c       0x10 C:/devkitPro/portlibs/3ds/lib\libogg.a(framing.o)
                0x0000000000127b7c                ogg_page_bos
 .text.ogg_page_eos
                0x0000000000127b8c       0x10 C:/devkitPro/portlibs/3ds/lib\libogg.a(framing.o)
                0x0000000000127b8c                ogg_page_eos
 .text.ogg_page_granulepos
                0x0000000000127b9c       0x80 C:/devkitPro/portlibs/3ds/lib\libogg.a(framing.o)
                0x0000000000127b9c                ogg_page_granulepos
 .text.ogg_page_serialno
                0x0000000000127c1c        0xc C:/devkitPro/portlibs/3ds/lib\libogg.a(framing.o)
                0x0000000000127c1c                ogg_page_serialno
 .text.ogg_stream_clear
                0x0000000000127c28       0x54 C:/devkitPro/portlibs/3ds/lib\libogg.a(framing.o)
                0x0000000000127c28                ogg_stream_clear
 .text.ogg_stream_init
                0x0000000000127c7c       0x98 C:/devkitPro/portlibs/3ds/lib\libogg.a(framing.o)
                0x0000000000127c7c                ogg_stream_init
 .text._os_body_expand
                0x0000000000127d14       0x78 C:/devkitPro/portlibs/3ds/lib\libogg.a(framing.o)
 .text._os_lacing_expand
                0x0000000000127d8c       0x8c C:/devkitPro/portlibs/3ds/lib\libogg.a(framing.o)
 .text.ogg_sync_init
                0x0000000000127e18       0x30 C:/devkitPro/portlibs/3ds/lib\libogg.a(framing.o)
                0x0000000000127e18                ogg_sync_init
 .text.ogg_sync_clear
                0x0000000000127e48       0x44 C:/devkitPro/portlibs/3ds/lib\libogg.a(framing.o)
                0x0000000000127e48                ogg_sync_clear
 .text.ogg_sync_buffer
                0x0000000000127e8c       0xc8 C:/devkitPro/portlibs/3ds/lib\libogg.a(framing.o)
                0x0000000000127e8c                ogg_sync_buffer
 .text.ogg_sync_wrote
                0x0000000000127f54       0x30 C:/devkitPro/portlibs/3ds/lib\libogg.a(framing.o)
                0x0000000000127f54                ogg_sync_wrote
 .text.ogg_sync_pageseek
                0x0000000000127f84      0x204 C:/devkitPro/portlibs/3ds/lib\libogg.a(framing.o)
                0x0000000000127f84                ogg_sync_pageseek
 .text.ogg_stream_pagein
                0x0000000000128188      0x398 C:/devkitPro/portlibs/3ds/lib\libogg.a(framing.o)
                0x0000000000128188                ogg_stream_pagein
 .text.ogg_sync_reset
                0x0000000000128520       0x2c C:/devkitPro/portlibs/3ds/lib\libogg.a(framing.o)
                0x0000000000128520                ogg_sync_reset
 .text.ogg_stream_reset
                0x000000000012854c       0x68 C:/devkitPro/portlibs/3ds/lib\libogg.a(framing.o)
                0x000000000012854c                ogg_stream_reset
 .text.ogg_stream_reset_serialno
                0x00000000001285b4       0x6c C:/devkitPro/portlibs/3ds/lib\libogg.a(framing.o)
                0x00000000001285b4                ogg_stream_reset_serialno
 .text.ogg_stream_packetout
                0x0000000000128620       0x24 C:/devkitPro/portlibs/3ds/lib\libogg.a(framing.o)
                0x0000000000128620                ogg_stream_packetout
 .text.oggpack_readinit
                0x0000000000128644       0x1c C:/devkitPro/portlibs/3ds/lib\libogg.a(bitwise.o)
                0x0000000000128644                oggpack_readinit
 .text.oggpack_look
                0x0000000000128660       0xc8 C:/devkitPro/portlibs/3ds/lib\libogg.a(bitwise.o)
                0x0000000000128660                oggpack_look
 .text.oggpack_adv
                0x0000000000128728       0x68 C:/devkitPro/portlibs/3ds/lib\libogg.a(bitwise.o)
                0x0000000000128728                oggpack_adv
 .text.oggpack_read
                0x0000000000128790       0xf4 C:/devkitPro/portlibs/3ds/lib\libogg.a(bitwise.o)
                0x0000000000128790                oggpack_read
 .text.oggpack_bytes
                0x0000000000128884       0x14 C:/devkitPro/portlibs/3ds/lib\libogg.a(bitwise.o)
                0x0000000000128884                oggpack_bytes
 .text.archive_entry_clear
                0x0000000000128898       0x90 C:/devkitPro/portlibs/3ds/lib\libarchive.a(archive_entry.o)
                0x0000000000128898                archive_entry_clear
 .text.archive_entry_free
                0x0000000000128928       0x18 C:/devkitPro/portlibs/3ds/lib\libarchive.a(archive_entry.o)
                0x0000000000128928                archive_entry_free
 .text.archive_entry_new2
                0x0000000000128940       0x20 C:/devkitPro/portlibs/3ds/lib\libarchive.a(archive_entry.o)
                0x0000000000128940                archive_entry_new2
 .text.archive_entry_pathname
                0x0000000000128960       0x50 C:/devkitPro/portlibs/3ds/lib\libarchive.a(archive_entry.o)
                0x0000000000128960                archive_entry_pathname
 .text.archive_entry_pathname_w
                0x00000000001289b0       0x50 C:/devkitPro/portlibs/3ds/lib\libarchive.a(archive_entry.o)
                0x00000000001289b0                archive_entry_pathname_w
 .text.archive_entry_size
                0x0000000000128a00        0x8 C:/devkitPro/portlibs/3ds/lib\libarchive.a(archive_entry.o)
                0x0000000000128a00                archive_entry_size
 .text.archive_entry_set_gid
                0x0000000000128a08       0x10 C:/devkitPro/portlibs/3ds/lib\libarchive.a(archive_entry.o)
                0x0000000000128a08                archive_entry_set_gid
 .text.archive_entry_set_atime
                0x0000000000128a18       0x64 C:/devkitPro/portlibs/3ds/lib\libarchive.a(archive_entry.o)
                0x0000000000128a18                archive_entry_set_atime
 .text.archive_entry_set_ctime
                0x0000000000128a7c       0x64 C:/devkitPro/portlibs/3ds/lib\libarchive.a(archive_entry.o)
                0x0000000000128a7c                archive_entry_set_ctime
 .text.archive_entry_set_mode
                0x0000000000128ae0       0x10 C:/devkitPro/portlibs/3ds/lib\libarchive.a(archive_entry.o)
                0x0000000000128ae0                archive_entry_set_mode
 .text.archive_entry_set_mtime
                0x0000000000128af0       0x64 C:/devkitPro/portlibs/3ds/lib\libarchive.a(archive_entry.o)
                0x0000000000128af0                archive_entry_set_mtime
 .text._archive_entry_copy_pathname_l
                0x0000000000128b54        0x8 C:/devkitPro/portlibs/3ds/lib\libarchive.a(archive_entry.o)
                0x0000000000128b54                _archive_entry_copy_pathname_l
 .text.archive_entry_set_size
                0x0000000000128b5c       0x1c C:/devkitPro/portlibs/3ds/lib\libarchive.a(archive_entry.o)
                0x0000000000128b5c                archive_entry_set_size
 .text._archive_entry_copy_symlink_l
                0x0000000000128b78       0x3c C:/devkitPro/portlibs/3ds/lib\libarchive.a(archive_entry.o)
                0x0000000000128b78                _archive_entry_copy_symlink_l
 .text.archive_entry_set_uid
                0x0000000000128bb4       0x10 C:/devkitPro/portlibs/3ds/lib\libarchive.a(archive_entry.o)
                0x0000000000128bb4                archive_entry_set_uid
 .text.archive_entry_copy_mac_metadata
                0x0000000000128bc4       0x60 C:/devkitPro/portlibs/3ds/lib\libarchive.a(archive_entry.o)
                0x0000000000128bc4                archive_entry_copy_mac_metadata
 .text.archive_entry_sparse_clear
                0x0000000000128c24       0x34 C:/devkitPro/portlibs/3ds/lib\libarchive.a(archive_entry_sparse.o)
                0x0000000000128c24                archive_entry_sparse_clear
 .text.archive_entry_xattr_clear
                0x0000000000128c58       0x4c C:/devkitPro/portlibs/3ds/lib\libarchive.a(archive_entry_xattr.o)
                0x0000000000128c58                archive_entry_xattr_clear
 .text.client_read_proxy
                0x0000000000128ca4       0x24 C:/devkitPro/portlibs/3ds/lib\libarchive.a(archive_read.o)
 .text.client_seek_proxy
                0x0000000000128cc8       0x34 C:/devkitPro/portlibs/3ds/lib\libarchive.a(archive_read.o)
 .text.client_open_proxy
                0x0000000000128cfc       0x24 C:/devkitPro/portlibs/3ds/lib\libarchive.a(archive_read.o)
 .text.client_switch_proxy
                0x0000000000128d20       0xac C:/devkitPro/portlibs/3ds/lib\libarchive.a(archive_read.o)
 .text._archive_filter_count
                0x0000000000128dcc       0x2c C:/devkitPro/portlibs/3ds/lib\libarchive.a(archive_read.o)
 .text.get_filter
                0x0000000000128df8       0x78 C:/devkitPro/portlibs/3ds/lib\libarchive.a(archive_read.o)
 .text._archive_filter_code
                0x0000000000128e70       0x18 C:/devkitPro/portlibs/3ds/lib\libarchive.a(archive_read.o)
 .text._archive_filter_name
                0x0000000000128e88       0x14 C:/devkitPro/portlibs/3ds/lib\libarchive.a(archive_read.o)
 .text._archive_filter_bytes
                0x0000000000128e9c       0x1c C:/devkitPro/portlibs/3ds/lib\libarchive.a(archive_read.o)
 .text.client_close_proxy
                0x0000000000128eb8       0x74 C:/devkitPro/portlibs/3ds/lib\libarchive.a(archive_read.o)
 .text._archive_read_data_block
                0x0000000000128f2c       0x7c C:/devkitPro/portlibs/3ds/lib\libarchive.a(archive_read.o)
 .text.client_skip_proxy
                0x0000000000128fa8      0x144 C:/devkitPro/portlibs/3ds/lib\libarchive.a(archive_read.o)
 .text._archive_read_free
                0x00000000001290ec      0x140 C:/devkitPro/portlibs/3ds/lib\libarchive.a(archive_read.o)
 .text.__archive_read_filter_ahead.part.5
                0x000000000012922c      0x2e0 C:/devkitPro/portlibs/3ds/lib\libarchive.a(archive_read.o)
 .text.__archive_read_filter_consume.part.6
                0x000000000012950c      0x2dc C:/devkitPro/portlibs/3ds/lib\libarchive.a(archive_read.o)
 .text.archive_read_new
                0x00000000001297e8       0xcc C:/devkitPro/portlibs/3ds/lib\libarchive.a(archive_read.o)
                0x00000000001297e8                archive_read_new
 .text.archive_read_extract_set_skip_file
                0x00000000001298b4       0x48 C:/devkitPro/portlibs/3ds/lib\libarchive.a(archive_read.o)
                0x00000000001298b4                archive_read_extract_set_skip_file
 .text.archive_read_set_open_callback
                0x00000000001298fc       0x34 C:/devkitPro/portlibs/3ds/lib\libarchive.a(archive_read.o)
                0x00000000001298fc                archive_read_set_open_callback
 .text.archive_read_set_read_callback
                0x0000000000129930       0x34 C:/devkitPro/portlibs/3ds/lib\libarchive.a(archive_read.o)
                0x0000000000129930                archive_read_set_read_callback
 .text.archive_read_set_skip_callback
                0x0000000000129964       0x34 C:/devkitPro/portlibs/3ds/lib\libarchive.a(archive_read.o)
                0x0000000000129964                archive_read_set_skip_callback
 .text.archive_read_set_seek_callback
                0x0000000000129998       0x34 C:/devkitPro/portlibs/3ds/lib\libarchive.a(archive_read.o)
                0x0000000000129998                archive_read_set_seek_callback
 .text.archive_read_set_close_callback
                0x00000000001299cc       0x34 C:/devkitPro/portlibs/3ds/lib\libarchive.a(archive_read.o)
                0x00000000001299cc                archive_read_set_close_callback
 .text.archive_read_set_switch_callback
                0x0000000000129a00       0x34 C:/devkitPro/portlibs/3ds/lib\libarchive.a(archive_read.o)
                0x0000000000129a00                archive_read_set_switch_callback
 .text.archive_read_set_callback_data2
                0x0000000000129a34       0xcc C:/devkitPro/portlibs/3ds/lib\libarchive.a(archive_read.o)
                0x0000000000129a34                archive_read_set_callback_data2
 .text.archive_read_set_callback_data
                0x0000000000129b00        0x8 C:/devkitPro/portlibs/3ds/lib\libarchive.a(archive_read.o)
                0x0000000000129b00                archive_read_set_callback_data
 .text.archive_read_add_callback_data
                0x0000000000129b08      0x118 C:/devkitPro/portlibs/3ds/lib\libarchive.a(archive_read.o)
                0x0000000000129b08                archive_read_add_callback_data
 .text.archive_read_append_callback_data
                0x0000000000129c20        0x8 C:/devkitPro/portlibs/3ds/lib\libarchive.a(archive_read.o)
                0x0000000000129c20                archive_read_append_callback_data
 .text.archive_read_data
                0x0000000000129c28      0x234 C:/devkitPro/portlibs/3ds/lib\libarchive.a(archive_read.o)
                0x0000000000129c28                archive_read_data
 .text.archive_read_data_skip
                0x0000000000129e5c       0x7c C:/devkitPro/portlibs/3ds/lib\libarchive.a(archive_read.o)
                0x0000000000129e5c                archive_read_data_skip
 .text._archive_read_next_header2
                0x0000000000129ed8      0x1f4 C:/devkitPro/portlibs/3ds/lib\libarchive.a(archive_read.o)
 .text._archive_read_next_header
                0x000000000012a0cc       0x28 C:/devkitPro/portlibs/3ds/lib\libarchive.a(archive_read.o)
 .text.__archive_read_close_filters
                0x000000000012a0f4       0x74 C:/devkitPro/portlibs/3ds/lib\libarchive.a(archive_read.o)
                0x000000000012a0f4                __archive_read_close_filters
 .text._archive_read_close
                0x000000000012a168       0x60 C:/devkitPro/portlibs/3ds/lib\libarchive.a(archive_read.o)
 .text.__archive_read_register_format
                0x000000000012a1c8       0xcc C:/devkitPro/portlibs/3ds/lib\libarchive.a(archive_read.o)
                0x000000000012a1c8                __archive_read_register_format
 .text.__archive_read_ahead
                0x000000000012a294       0x28 C:/devkitPro/portlibs/3ds/lib\libarchive.a(archive_read.o)
                0x000000000012a294                __archive_read_ahead
 .text.__archive_read_consume
                0x000000000012a2bc       0x30 C:/devkitPro/portlibs/3ds/lib\libarchive.a(archive_read.o)
                0x000000000012a2bc                __archive_read_consume
 .text.__archive_read_filter_seek
                0x000000000012a2ec      0x558 C:/devkitPro/portlibs/3ds/lib\libarchive.a(archive_read.o)
                0x000000000012a2ec                __archive_read_filter_seek
 .text.__archive_read_seek
                0x000000000012a844        0x8 C:/devkitPro/portlibs/3ds/lib\libarchive.a(archive_read.o)
                0x000000000012a844                __archive_read_seek
 .text.archive_read_open1
                0x000000000012a84c      0x40c C:/devkitPro/portlibs/3ds/lib\libarchive.a(archive_read.o)
                0x000000000012a84c                archive_read_open1
 .text.file_read
                0x000000000012ac58       0xbc C:/devkitPro/portlibs/3ds/lib\libarchive.a(archive_read_open_filename.o)
 .text.file_open
                0x000000000012ad14      0x1cc C:/devkitPro/portlibs/3ds/lib\libarchive.a(archive_read_open_filename.o)
 .text.file_seek
                0x000000000012aee0       0xc0 C:/devkitPro/portlibs/3ds/lib\libarchive.a(archive_read_open_filename.o)
 .text.file_skip
                0x000000000012afa0      0x14c C:/devkitPro/portlibs/3ds/lib\libarchive.a(archive_read_open_filename.o)
 .text.file_close2.isra.2
                0x000000000012b0ec       0x84 C:/devkitPro/portlibs/3ds/lib\libarchive.a(archive_read_open_filename.o)
 .text.file_close
                0x000000000012b170       0x20 C:/devkitPro/portlibs/3ds/lib\libarchive.a(archive_read_open_filename.o)
 .text.file_switch
                0x000000000012b190       0x24 C:/devkitPro/portlibs/3ds/lib\libarchive.a(archive_read_open_filename.o)
 .text.archive_read_open_filenames
                0x000000000012b1b4      0x174 C:/devkitPro/portlibs/3ds/lib\libarchive.a(archive_read_open_filename.o)
                0x000000000012b1b4                archive_read_open_filenames
 .text.archive_read_open_filename
                0x000000000012b328       0x24 C:/devkitPro/portlibs/3ds/lib\libarchive.a(archive_read_open_filename.o)
                0x000000000012b328                archive_read_open_filename
 .text.memory_read_open
                0x000000000012b34c        0x8 C:/devkitPro/portlibs/3ds/lib\libarchive.a(archive_read_open_memory.o)
 .text.memory_read
                0x000000000012b354       0x28 C:/devkitPro/portlibs/3ds/lib\libarchive.a(archive_read_open_memory.o)
 .text.memory_read_skip
                0x000000000012b37c       0x64 C:/devkitPro/portlibs/3ds/lib\libarchive.a(archive_read_open_memory.o)
 .text.memory_read_seek
                0x000000000012b3e0       0x90 C:/devkitPro/portlibs/3ds/lib\libarchive.a(archive_read_open_memory.o)
 .text.memory_read_close
                0x000000000012b470       0x14 C:/devkitPro/portlibs/3ds/lib\libarchive.a(archive_read_open_memory.o)
 .text.archive_read_open_memory2
                0x000000000012b484       0xb8 C:/devkitPro/portlibs/3ds/lib\libarchive.a(archive_read_open_memory.o)
                0x000000000012b484                archive_read_open_memory2
 .text.archive_read_open_memory
                0x000000000012b53c        0x8 C:/devkitPro/portlibs/3ds/lib\libarchive.a(archive_read_open_memory.o)
                0x000000000012b53c                archive_read_open_memory
 .text.cmp_node
                0x000000000012b544       0x10 C:/devkitPro/portlibs/3ds/lib\libarchive.a(archive_read_support_format_zip.o)
 .text.cmp_key  0x000000000012b554        0x8 C:/devkitPro/portlibs/3ds/lib\libarchive.a(archive_read_support_format_zip.o)
 .text.archive_read_format_zip_cleanup
                0x000000000012b55c       0x98 C:/devkitPro/portlibs/3ds/lib\libarchive.a(archive_read_support_format_zip.o)
 .text.archive_read_format_zip_streamable_bid
                0x000000000012b5f4       0xd0 C:/devkitPro/portlibs/3ds/lib\libarchive.a(archive_read_support_format_zip.o)
 .text.zip_read_consume
                0x000000000012b6c4       0x38 C:/devkitPro/portlibs/3ds/lib\libarchive.a(archive_read_support_format_zip.o)
 .text.zip_time
                0x000000000012b6fc       0x88 C:/devkitPro/portlibs/3ds/lib\libarchive.a(archive_read_support_format_zip.o)
 .text.zip_read_local_file_header
                0x000000000012b784      0x8e8 C:/devkitPro/portlibs/3ds/lib\libarchive.a(archive_read_support_format_zip.o)
 .text.archive_read_format_zip_streamable_read_header
                0x000000000012c06c      0x190 C:/devkitPro/portlibs/3ds/lib\libarchive.a(archive_read_support_format_zip.o)
 .text.archive_read_format_zip_options
                0x000000000012c1fc       0xd8 C:/devkitPro/portlibs/3ds/lib\libarchive.a(archive_read_support_format_zip.o)
 .text.rsrc_cmp_key
                0x000000000012c2d4       0x10 C:/devkitPro/portlibs/3ds/lib\libarchive.a(archive_read_support_format_zip.o)
 .text.rsrc_cmp_node
                0x000000000012c2e4       0x10 C:/devkitPro/portlibs/3ds/lib\libarchive.a(archive_read_support_format_zip.o)
 .text.archive_read_format_zip_seekable_bid
                0x000000000012c2f4      0x274 C:/devkitPro/portlibs/3ds/lib\libarchive.a(archive_read_support_format_zip.o)
 .text.zip_deflate_init
                0x000000000012c568       0x80 C:/devkitPro/portlibs/3ds/lib\libarchive.a(archive_read_support_format_zip.o)
 .text.zip_read_data_deflate.isra.2
                0x000000000012c5e8      0x28c C:/devkitPro/portlibs/3ds/lib\libarchive.a(archive_read_support_format_zip.o)
 .text.archive_read_format_zip_read_data_skip
                0x000000000012c874      0x1a4 C:/devkitPro/portlibs/3ds/lib\libarchive.a(archive_read_support_format_zip.o)
 .text.archive_read_format_zip_read_data
                0x000000000012ca18      0x438 C:/devkitPro/portlibs/3ds/lib\libarchive.a(archive_read_support_format_zip.o)
 .text.archive_read_format_zip_seekable_read_header
                0x000000000012ce50      0xa80 C:/devkitPro/portlibs/3ds/lib\libarchive.a(archive_read_support_format_zip.o)
 .text.archive_read_support_format_zip_streamable
                0x000000000012d8d0       0xe0 C:/devkitPro/portlibs/3ds/lib\libarchive.a(archive_read_support_format_zip.o)
                0x000000000012d8d0                archive_read_support_format_zip_streamable
 .text.archive_read_support_format_zip_seekable
                0x000000000012d9b0       0xe0 C:/devkitPro/portlibs/3ds/lib\libarchive.a(archive_read_support_format_zip.o)
                0x000000000012d9b0                archive_read_support_format_zip_seekable
 .text.archive_read_support_format_zip
                0x000000000012da90       0x20 C:/devkitPro/portlibs/3ds/lib\libarchive.a(archive_read_support_format_zip.o)
                0x000000000012da90                archive_read_support_format_zip
 .text.unicode_to_utf8
                0x000000000012dab0      0x118 C:/devkitPro/portlibs/3ds/lib\libarchive.a(archive_string.o)
 .text.get_nfc  0x000000000012dbc8       0x84 C:/devkitPro/portlibs/3ds/lib\libarchive.a(archive_string.o)
 .text.free_sconv_object
                0x000000000012dc4c       0x2c C:/devkitPro/portlibs/3ds/lib\libarchive.a(archive_string.o)
 .text._utf8_to_unicode.part.2
                0x000000000012dc78      0x274 C:/devkitPro/portlibs/3ds/lib\libarchive.a(archive_string.o)
 .text.cesu8_to_unicode
                0x000000000012deec       0xe8 C:/devkitPro/portlibs/3ds/lib\libarchive.a(archive_string.o)
 .text.utf16_to_unicode.part.3
                0x000000000012dfd4       0x8c C:/devkitPro/portlibs/3ds/lib\libarchive.a(archive_string.o)
 .text.utf16le_to_unicode
                0x000000000012e060       0x38 C:/devkitPro/portlibs/3ds/lib\libarchive.a(archive_string.o)
 .text.utf16be_to_unicode
                0x000000000012e098       0x38 C:/devkitPro/portlibs/3ds/lib\libarchive.a(archive_string.o)
 .text.unicode_to_utf16be
                0x000000000012e0d0       0x7c C:/devkitPro/portlibs/3ds/lib\libarchive.a(archive_string.o)
 .text.unicode_to_utf16le
                0x000000000012e14c       0x7c C:/devkitPro/portlibs/3ds/lib\libarchive.a(archive_string.o)
 .text.add_converter.part.8
                0x000000000012e1c8       0x14 C:/devkitPro/portlibs/3ds/lib\libarchive.a(archive_string.o)
 .text.setup_converter
                0x000000000012e1dc      0x240 C:/devkitPro/portlibs/3ds/lib\libarchive.a(archive_string.o)
 .text.get_current_charset
                0x000000000012e41c       0x68 C:/devkitPro/portlibs/3ds/lib\libarchive.a(archive_string.o)
 .text.canonical_charset_name
                0x000000000012e484      0x12c C:/devkitPro/portlibs/3ds/lib\libarchive.a(archive_string.o)
 .text.get_sconv_object
                0x000000000012e5b0      0x2dc C:/devkitPro/portlibs/3ds/lib\libarchive.a(archive_string.o)
 .text.archive_string_concat.part.14
                0x000000000012e88c       0x14 C:/devkitPro/portlibs/3ds/lib\libarchive.a(archive_string.o)
 .text.archive_string_free
                0x000000000012e8a0       0x24 C:/devkitPro/portlibs/3ds/lib\libarchive.a(archive_string.o)
                0x000000000012e8a0                archive_string_free
 .text.archive_string_ensure
                0x000000000012e8c4       0xc0 C:/devkitPro/portlibs/3ds/lib\libarchive.a(archive_string.o)
                0x000000000012e8c4                archive_string_ensure
 .text.archive_string_append
                0x000000000012e984       0x5c C:/devkitPro/portlibs/3ds/lib\libarchive.a(archive_string.o)
 .text.best_effort_strncat_in_locale
                0x000000000012e9e0      0x19c C:/devkitPro/portlibs/3ds/lib\libarchive.a(archive_string.o)
 .text.strncat_from_utf8_to_utf8
                0x000000000012eb7c      0x23c C:/devkitPro/portlibs/3ds/lib\libarchive.a(archive_string.o)
 .text.best_effort_strncat_from_utf16.isra.17
                0x000000000012edb8       0xdc C:/devkitPro/portlibs/3ds/lib\libarchive.a(archive_string.o)
 .text.best_effort_strncat_from_utf16le
                0x000000000012ee94        0x8 C:/devkitPro/portlibs/3ds/lib\libarchive.a(archive_string.o)
 .text.best_effort_strncat_from_utf16be
                0x000000000012ee9c        0x8 C:/devkitPro/portlibs/3ds/lib\libarchive.a(archive_string.o)
 .text.archive_string_normalize_C
                0x000000000012eea4     0x117c C:/devkitPro/portlibs/3ds/lib\libarchive.a(archive_string.o)
 .text.archive_string_normalize_D
                0x0000000000130020      0xc70 C:/devkitPro/portlibs/3ds/lib\libarchive.a(archive_string.o)
 .text.best_effort_strncat_to_utf16.isra.18
                0x0000000000130c90       0xc4 C:/devkitPro/portlibs/3ds/lib\libarchive.a(archive_string.o)
 .text.best_effort_strncat_to_utf16le
                0x0000000000130d54        0x8 C:/devkitPro/portlibs/3ds/lib\libarchive.a(archive_string.o)
 .text.best_effort_strncat_to_utf16be
                0x0000000000130d5c        0x8 C:/devkitPro/portlibs/3ds/lib\libarchive.a(archive_string.o)
 .text.archive_string_append_unicode
                0x0000000000130d64      0x254 C:/devkitPro/portlibs/3ds/lib\libarchive.a(archive_string.o)
 .text.strncat_from_utf8_libarchive2
                0x0000000000130fb8      0x120 C:/devkitPro/portlibs/3ds/lib\libarchive.a(archive_string.o)
 .text.archive_strncat
                0x00000000001310d8       0x5c C:/devkitPro/portlibs/3ds/lib\libarchive.a(archive_string.o)
                0x00000000001310d8                archive_strncat
 .text.archive_strcat
                0x0000000000131134        0x8 C:/devkitPro/portlibs/3ds/lib\libarchive.a(archive_string.o)
                0x0000000000131134                archive_strcat
 .text.archive_strappend_char
                0x000000000013113c       0x38 C:/devkitPro/portlibs/3ds/lib\libarchive.a(archive_string.o)
                0x000000000013113c                archive_strappend_char
 .text.archive_wstring_append_from_mbs
                0x0000000000131174      0x150 C:/devkitPro/portlibs/3ds/lib\libarchive.a(archive_string.o)
                0x0000000000131174                archive_wstring_append_from_mbs
 .text.archive_string_append_from_wcs
                0x00000000001312c4      0x160 C:/devkitPro/portlibs/3ds/lib\libarchive.a(archive_string.o)
                0x00000000001312c4                archive_string_append_from_wcs
 .text.archive_string_conversion_from_charset
                0x0000000000131424       0x34 C:/devkitPro/portlibs/3ds/lib\libarchive.a(archive_string.o)
                0x0000000000131424                archive_string_conversion_from_charset
 .text.archive_string_default_conversion_for_read
                0x0000000000131458        0x8 C:/devkitPro/portlibs/3ds/lib\libarchive.a(archive_string.o)
                0x0000000000131458                archive_string_default_conversion_for_read
 .text.archive_string_conversion_free
                0x0000000000131460       0x3c C:/devkitPro/portlibs/3ds/lib\libarchive.a(archive_string.o)
                0x0000000000131460                archive_string_conversion_free
 .text.archive_string_conversion_charset_name
                0x000000000013149c       0x18 C:/devkitPro/portlibs/3ds/lib\libarchive.a(archive_string.o)
                0x000000000013149c                archive_string_conversion_charset_name
 .text.archive_strncat_l
                0x00000000001314b4      0x204 C:/devkitPro/portlibs/3ds/lib\libarchive.a(archive_string.o)
                0x00000000001314b4                archive_strncat_l
 .text.archive_mstring_clean
                0x00000000001316b8       0x64 C:/devkitPro/portlibs/3ds/lib\libarchive.a(archive_string.o)
                0x00000000001316b8                archive_mstring_clean
 .text.archive_mstring_get_mbs
                0x000000000013171c       0x68 C:/devkitPro/portlibs/3ds/lib\libarchive.a(archive_string.o)
                0x000000000013171c                archive_mstring_get_mbs
 .text.archive_mstring_get_wcs
                0x0000000000131784       0x68 C:/devkitPro/portlibs/3ds/lib\libarchive.a(archive_string.o)
                0x0000000000131784                archive_mstring_get_wcs
 .text.archive_mstring_copy_mbs_len_l
                0x00000000001317ec       0x44 C:/devkitPro/portlibs/3ds/lib\libarchive.a(archive_string.o)
                0x00000000001317ec                archive_mstring_copy_mbs_len_l
 .text.__archive_ensure_cloexec_flag.part.0
                0x0000000000131830       0x34 C:/devkitPro/portlibs/3ds/lib\libarchive.a(archive_util.o)
 .text.__archive_clean